******************************************************************************
                  TI ARM Linker PC v20.2.6                     
******************************************************************************
>> Linked Mon Nov 27 20:00:52 2023

OUTPUT FILE NAME:   <rtos_final.out>
ENTRY POINT SYMBOL: "_c_int00_noargs"  address: 00003e71


MEMORY CONFIGURATION

         name            origin    length      used     unused   attr    fill
----------------------  --------  ---------  --------  --------  ----  --------
  FLASH                 00000000   00040000  00003f44  0003c0bc  R  X
  SRAM                  20000000   00001000  000005ba  00000a46  RW X


SEGMENT ALLOCATION MAP

run origin  load origin   length   init length attrs members
----------  ----------- ---------- ----------- ----- -------
00000000    00000000    00003f48   00003f48    r-x
  00000000    00000000    0000026c   0000026c    r-- .intvecs
  0000026c    0000026c    00003ca8   00003ca8    r-x .text
  00003f18    00003f18    00000030   00000030    r-- .cinit
20000000    20000000    000005be   00000000    rw-
  20000000    20000000    000003a4   00000000    rw- .bss
  200003a8    200003a8    00000200   00000000    rw- .stack
  200005a8    200005a8    00000016   00000000    rw- .data


SECTION ALLOCATION MAP

 output                                  attributes/
section   page    origin      length       input sections
--------  ----  ----------  ----------   ----------------
.intvecs   0    00000000    0000026c     
                  00000000    0000026c     tm4c123gh6pm_startup_ccs.obj (.intvecs)

.text      0    0000026c    00003ca8     
                  0000026c    00001400     kernel.obj (.text)
                  0000166c    00000808     gpio.obj (.text)
                  00001e74    00000648     uart0.obj (.text)
                  000024bc    00000598     mm.obj (.text)
                  00002a54    0000041c     tasks.obj (.text)
                  00002e70    000003fe     userCommands.obj (.text)
                  0000326e    00000002     --HOLE-- [fill = 0]
                  00003270    000003a4     faults.obj (.text)
                  00003614    000002a2     shell.obj (.text)
                  000038b6    00000002     --HOLE-- [fill = 0]
                  000038b8    0000024c     rtos.obj (.text)
                  00003b04    0000017c     mpu.obj (.text)
                  00003c80    000000a8     asm.obj (.text)
                  00003d28    0000009c     rtsv7M4_T_le_v4SPD16_eabi.lib : memcpy_t2.asm.obj (.text)
                  00003dc4    00000068                                   : copy_decompress_lzss.c.obj (.text:decompress:lzss:__TI_decompress_lzss)
                  00003e2c    00000044                                   : autoinit.c.obj (.text:__TI_auto_init_nobinit_nopinit:__TI_auto_init_nobinit_nopinit)
                  00003e70    00000034                                   : boot_cortex_m.c.obj (.text:_c_int00_noargs:_c_int00_noargs)
                  00003ea4    00000024     wait.obj (.text)
                  00003ec8    0000001c     rtsv7M4_T_le_v4SPD16_eabi.lib : copy_zero_init.c.obj (.text:decompress:ZI:__TI_zero_init_nomemset:__TI_zero_init_nomemset)
                  00003ee4    00000010     clock.obj (.text)
                  00003ef4    0000000e     rtsv7M4_T_le_v4SPD16_eabi.lib : copy_decompress_none.c.obj (.text:decompress:none:__TI_decompress_none)
                  00003f02    0000000a     tm4c123gh6pm_startup_ccs.obj (.text)
                  00003f0c    00000004     rtsv7M4_T_le_v4SPD16_eabi.lib : pre_init.c.obj (.text:_system_pre_init)
                  00003f10    00000004                                   : exit.c.obj (.text:abort:abort)

.cinit     0    00003f18    00000030     
                  00003f18    0000000c     (__TI_handler_table)
                  00003f24    00000009     (.cinit..data.load) [load image, compression = lzss]
                  00003f2d    00000003     --HOLE-- [fill = 0]
                  00003f30    00000008     (.cinit..bss.load) [load image, compression = zero_init]
                  00003f38    00000010     (__TI_cinit_table)

.init_array 
*          0    00000000    00000000     UNINITIALIZED

.bss       0    20000000    000003a4     UNINITIALIZED
                  20000000    00000240     (.common:tcb)
                  20000240    000000cc     (.common:semaphores)
                  2000030c    00000050     (.common:memoryMap)
                  2000035c    00000048     (.common:mutexes)

.data      0    200005a8    00000016     UNINITIALIZED
                  200005a8    00000008     faults.obj (.data)
                  200005b0    00000008     kernel.obj (.data:lastTaskRun)
                  200005b8    00000006     kernel.obj (.data)

.stack     0    200003a8    00000200     UNINITIALIZED
                  200003a8    00000004     rtsv7M4_T_le_v4SPD16_eabi.lib : boot_cortex_m.c.obj (.stack)
                  200003ac    000001fc     --HOLE--

__llvm_prf_cnts 
*          0    20000000    00000000     UNINITIALIZED

MODULE SUMMARY

       Module                         code    ro data   rw data
       ------                         ----    -------   -------
    .\
       kernel.obj                     5120    0         866    
       gpio.obj                       2056    0         0      
       uart0.obj                      1608    0         0      
       mm.obj                         1432    0         80     
       tasks.obj                      1052    0         0      
       userCommands.obj               1022    0         0      
       faults.obj                     932     0         8      
       shell.obj                      674     0         0      
       tm4c123gh6pm_startup_ccs.obj   10      620       0      
       rtos.obj                       588     0         0      
       mpu.obj                        380     0         0      
       asm.obj                        168     0         0      
       wait.obj                       36      0         0      
       clock.obj                      16      0         0      
    +--+------------------------------+-------+---------+---------+
       Total:                         15094   620       954    
                                                               
    C:\ti\ccs1200\ccs\tools\compiler\ti-cgt-arm_20.2.6.LTS\lib\rtsv7M4_T_le_v4SPD16_eabi.lib
       memcpy_t2.asm.obj              156     0         0      
       copy_decompress_lzss.c.obj     104     0         0      
       autoinit.c.obj                 68      0         0      
       boot_cortex_m.c.obj            52      0         0      
       copy_zero_init.c.obj           28      0         0      
       copy_decompress_none.c.obj     14      0         0      
       exit.c.obj                     4       0         0      
       pre_init.c.obj                 4       0         0      
    +--+------------------------------+-------+---------+---------+
       Total:                         430     0         0      
                                                               
       Stack:                         0       0         512    
       Linker Generated:              0       45        0      
    +--+------------------------------+-------+---------+---------+
       Grand Total:                   15524   665       1466   


LINKER GENERATED COPY TABLES

__TI_cinit_table @ 00003f38 records: 2, size/record: 8, table size: 16
	.data: load addr=00003f24, load size=00000009 bytes, run addr=200005a8, run size=00000016 bytes, compression=lzss
	.bss: load addr=00003f30, load size=00000008 bytes, run addr=20000000, run size=000003a4 bytes, compression=zero_init


LINKER GENERATED HANDLER TABLE

__TI_handler_table @ 00003f18 records: 3, size/record: 4, table size: 12
	index: 0, handler: __TI_decompress_lzss
	index: 1, handler: __TI_decompress_none
	index: 2, handler: __TI_zero_init


GLOBAL SYMBOLS: SORTED ALPHABETICALLY BY Name 

address   name                          
-------   ----                          
00003f11  C$$EXIT                       
00002fed  Pkill                         
00003f03  ResetISR                      
200005a8  __STACK_END                   
00000200  __STACK_SIZE                  
200005a8  __STACK_TOP                   
00003f38  __TI_CINIT_Base               
00003f48  __TI_CINIT_Limit              
00003f18  __TI_Handler_Table_Base       
00003f24  __TI_Handler_Table_Limit      
00003e2d  __TI_auto_init_nobinit_nopinit
00003dc5  __TI_decompress_lzss          
00003ef5  __TI_decompress_none          
ffffffff  __TI_pprof_out_hndl           
ffffffff  __TI_prof_data_size           
ffffffff  __TI_prof_data_start          
00000000  __TI_static_base__            
00003ec9  __TI_zero_init_nomemset       
00003d29  __aeabi_memcpy                
00003d29  __aeabi_memcpy4               
00003d29  __aeabi_memcpy8               
ffffffff  __binit__                     
ffffffff  __c_args__                    
UNDEFED   __mpu_init                    
200003a8  __stack                       
20000000  __start___llvm_prf_cnts       
20000000  __stop___llvm_prf_cnts        
00003e71  _c_int00_noargs               
UNDEFED   _system_post_cinit            
00003f0d  _system_pre_init              
00003f11  abort                         
00003b6b  allowFlashAccess              
00003b83  allowPeripheralAccess         
ffffffff  binit                         
0000345b  busFaultIsr                   
00001cc1  clearPinInterrupt             
00000571  createThread                  
00002da9  debounce                      
00001c9d  disablePinInterrupt           
000019d5  disablePinPulldown            
0000198d  disablePinPullup              
00001729  disablePort                   
00003cdb  dividebyzero                  
00001c79  enablePinInterrupt            
000019b1  enablePinPulldown             
0000195f  enablePinPullup               
0000166d  enablePort                    
00002e11  errant                        
0000327d  faultInfiniteLoop             
000027f7  findMPURegion                 
00002c25  flash4Hz                      
00000000  g_pfnVectors                  
000023a9  getFieldInteger               
0000236d  getFieldString                
00003ca7  getMSP                        
00000759  getMutexInfo                  
0000161d  getPID                        
00003ca1  getPSP                        
0000074d  getPid                        
00001d2f  getPinValue                   
00001de5  getPortValue                  
00003cad  getR0                         
00003caf  getRegisters                  
00000769  getSemaphoreInfo              
00002143  getcUart0                     
00002179  getsUart0                     
000033fb  hardFaultIsr                  
00001f8f  iToA                          
00002c01  idle                          
00002e2f  important                     
00003271  initFaultHandlers             
00002a55  initHw                        
000027bd  initMemoryMap                 
00002a0b  initMpu                       
0000026d  initMutex                     
00000317  initRtos                      
000002c9  initSemaphore                 
000007b7  initSysTickIsr                
00003ee5  initSystemClockTo40Mhz        
00002043  initUart0                     
00001ea5  intToHex                      
00002e7b  ipcs                          
0000240f  isCommand                     
0000215f  kbhitUart0                    
00002fe1  kill                          
200005b0  lastTaskRun                   
00002c89  lengthyFn                     
00000703  lock                          
000038b9  main                          
000024bd  mallocFromHeap                
00003d29  memcpy                        
2000030c  memoryMap                     
00003b49  mpuAllAccessRegion            
0000328b  mpuFaultIsr                   
200005ac  mspValue                      
2000035c  mutexes                       
00002c53  oneshot                       
00002215  parseFields                   
00002c79  partOfLengthyFn               
0000085b  pendSvIsr                     
00003057  pidof                         
00003ce9  popFromPsp                    
00000731  post                          
0000300f  preempt                       
200005bc  preemption                    
00003b05  printOutRegionInfo            
200005bb  priorityInheritance           
200005ba  priorityScheduler             
00002e71  ps                            
200005a8  pspValue                      
000020fb  putcUart0                     
00002117  putsUart0                     
00002ce9  readKeys                      
00002b6f  readPbs                       
000007b3  rebootSystem                  
00000785  restartThread                 
00000389  rtosScheduler                 
00003091  run                           
00003033  sched                         
0000073f  schedSelect                   
00001893  selectPinAnalogInput          
00001845  selectPinDigitalInput         
00001baf  selectPinInterruptBothEdges   
00001b5f  selectPinInterruptFallingEdge 
00001c05  selectPinInterruptHighLevel   
00001c3f  selectPinInterruptLowLevel    
00001b0f  selectPinInterruptRisingEdge  
000017f7  selectPinOpenDrainOutput      
000017a9  selectPinPushPullOutput       
20000240  semaphores                    
00003c8b  setControlRegister            
00003c81  setPSP                        
000019fd  setPinAuxFunction             
000018e3  setPinCommitControl           
00001ce5  setPinValue                   
00001d6d  setPortValue                  
000029b5  setSramAccessWindow           
00002869  setSrdBits                    
000007a3  setThreadPriority             
000020b7  setUart0BaudRate              
00003b9d  setupSramAccess               
00003615  shell                         
000006f7  sleep                         
000004f1  startRtos                     
00000779  stopThread                    
00000911  stopThreadHelper              
00002479  strCmp                        
00001e75  stringCopy                    
00000e09  svCallIsr                     
000007d9  systickIsr                    
200005b9  taskCount                     
200005b8  taskCurrent                   
20000000  tcb                           
00001d0b  togglePinValue                
00000795  togglePreemption              
00002deb  uncooperative                 
00000711  unlock                        
00003cfb  unreadyPush                   
00003471  usageFaultIsr                 
0000071f  wait                          
00003ea5  waitMicrosecond               
00003cf7  writeToLr                     
000006f3  yield                         


GLOBAL SYMBOLS: SORTED BY Symbol Address 

address   name                          
-------   ----                          
00000000  __TI_static_base__            
00000000  g_pfnVectors                  
00000200  __STACK_SIZE                  
0000026d  initMutex                     
000002c9  initSemaphore                 
00000317  initRtos                      
00000389  rtosScheduler                 
000004f1  startRtos                     
00000571  createThread                  
000006f3  yield                         
000006f7  sleep                         
00000703  lock                          
00000711  unlock                        
0000071f  wait                          
00000731  post                          
0000073f  schedSelect                   
0000074d  getPid                        
00000759  getMutexInfo                  
00000769  getSemaphoreInfo              
00000779  stopThread                    
00000785  restartThread                 
00000795  togglePreemption              
000007a3  setThreadPriority             
000007b3  rebootSystem                  
000007b7  initSysTickIsr                
000007d9  systickIsr                    
0000085b  pendSvIsr                     
00000911  stopThreadHelper              
00000e09  svCallIsr                     
0000161d  getPID                        
0000166d  enablePort                    
00001729  disablePort                   
000017a9  selectPinPushPullOutput       
000017f7  selectPinOpenDrainOutput      
00001845  selectPinDigitalInput         
00001893  selectPinAnalogInput          
000018e3  setPinCommitControl           
0000195f  enablePinPullup               
0000198d  disablePinPullup              
000019b1  enablePinPulldown             
000019d5  disablePinPulldown            
000019fd  setPinAuxFunction             
00001b0f  selectPinInterruptRisingEdge  
00001b5f  selectPinInterruptFallingEdge 
00001baf  selectPinInterruptBothEdges   
00001c05  selectPinInterruptHighLevel   
00001c3f  selectPinInterruptLowLevel    
00001c79  enablePinInterrupt            
00001c9d  disablePinInterrupt           
00001cc1  clearPinInterrupt             
00001ce5  setPinValue                   
00001d0b  togglePinValue                
00001d2f  getPinValue                   
00001d6d  setPortValue                  
00001de5  getPortValue                  
00001e75  stringCopy                    
00001ea5  intToHex                      
00001f8f  iToA                          
00002043  initUart0                     
000020b7  setUart0BaudRate              
000020fb  putcUart0                     
00002117  putsUart0                     
00002143  getcUart0                     
0000215f  kbhitUart0                    
00002179  getsUart0                     
00002215  parseFields                   
0000236d  getFieldString                
000023a9  getFieldInteger               
0000240f  isCommand                     
00002479  strCmp                        
000024bd  mallocFromHeap                
000027bd  initMemoryMap                 
000027f7  findMPURegion                 
00002869  setSrdBits                    
000029b5  setSramAccessWindow           
00002a0b  initMpu                       
00002a55  initHw                        
00002b6f  readPbs                       
00002c01  idle                          
00002c25  flash4Hz                      
00002c53  oneshot                       
00002c79  partOfLengthyFn               
00002c89  lengthyFn                     
00002ce9  readKeys                      
00002da9  debounce                      
00002deb  uncooperative                 
00002e11  errant                        
00002e2f  important                     
00002e71  ps                            
00002e7b  ipcs                          
00002fe1  kill                          
00002fed  Pkill                         
0000300f  preempt                       
00003033  sched                         
00003057  pidof                         
00003091  run                           
00003271  initFaultHandlers             
0000327d  faultInfiniteLoop             
0000328b  mpuFaultIsr                   
000033fb  hardFaultIsr                  
0000345b  busFaultIsr                   
00003471  usageFaultIsr                 
00003615  shell                         
000038b9  main                          
00003b05  printOutRegionInfo            
00003b49  mpuAllAccessRegion            
00003b6b  allowFlashAccess              
00003b83  allowPeripheralAccess         
00003b9d  setupSramAccess               
00003c81  setPSP                        
00003c8b  setControlRegister            
00003ca1  getPSP                        
00003ca7  getMSP                        
00003cad  getR0                         
00003caf  getRegisters                  
00003cdb  dividebyzero                  
00003ce9  popFromPsp                    
00003cf7  writeToLr                     
00003cfb  unreadyPush                   
00003d29  __aeabi_memcpy                
00003d29  __aeabi_memcpy4               
00003d29  __aeabi_memcpy8               
00003d29  memcpy                        
00003dc5  __TI_decompress_lzss          
00003e2d  __TI_auto_init_nobinit_nopinit
00003e71  _c_int00_noargs               
00003ea5  waitMicrosecond               
00003ec9  __TI_zero_init_nomemset       
00003ee5  initSystemClockTo40Mhz        
00003ef5  __TI_decompress_none          
00003f03  ResetISR                      
00003f0d  _system_pre_init              
00003f11  C$$EXIT                       
00003f11  abort                         
00003f18  __TI_Handler_Table_Base       
00003f24  __TI_Handler_Table_Limit      
00003f38  __TI_CINIT_Base               
00003f48  __TI_CINIT_Limit              
20000000  __start___llvm_prf_cnts       
20000000  __stop___llvm_prf_cnts        
20000000  tcb                           
20000240  semaphores                    
2000030c  memoryMap                     
2000035c  mutexes                       
200003a8  __stack                       
200005a8  __STACK_END                   
200005a8  __STACK_TOP                   
200005a8  pspValue                      
200005ac  mspValue                      
200005b0  lastTaskRun                   
200005b8  taskCurrent                   
200005b9  taskCount                     
200005ba  priorityScheduler             
200005bb  priorityInheritance           
200005bc  preemption                    
ffffffff  __TI_pprof_out_hndl           
ffffffff  __TI_prof_data_size           
ffffffff  __TI_prof_data_start          
ffffffff  __binit__                     
ffffffff  __c_args__                    
ffffffff  binit                         
UNDEFED   __mpu_init                    
UNDEFED   _system_post_cinit            

[163 symbols]
