<?xml version="1.0" encoding="ISO-8859-1" ?>
<link_info>
   <banner>TI ARM Linker PC v20.2.6.LTS</banner>
   <copyright>Copyright (c) 1996-2018 Texas Instruments Incorporated</copyright>
   <link_time>0x6568bc55</link_time>
   <link_errors>0x0</link_errors>
   <output_file>rtos_final.out</output_file>
   <entry_point>
      <name>_c_int00_noargs</name>
      <address>0x2c05</address>
   </entry_point>
   <input_file_list>
      <input_file id="fl-2">
         <path>.\</path>
         <kind>object</kind>
         <file>asm.obj</file>
         <name>asm.obj</name>
      </input_file>
      <input_file id="fl-3">
         <path>.\</path>
         <kind>object</kind>
         <file>clock.obj</file>
         <name>clock.obj</name>
      </input_file>
      <input_file id="fl-4">
         <path>.\</path>
         <kind>object</kind>
         <file>faults.obj</file>
         <name>faults.obj</name>
      </input_file>
      <input_file id="fl-5">
         <path>.\</path>
         <kind>object</kind>
         <file>gpio.obj</file>
         <name>gpio.obj</name>
      </input_file>
      <input_file id="fl-6">
         <path>.\</path>
         <kind>object</kind>
         <file>kernel.obj</file>
         <name>kernel.obj</name>
      </input_file>
      <input_file id="fl-7">
         <path>.\</path>
         <kind>object</kind>
         <file>mm.obj</file>
         <name>mm.obj</name>
      </input_file>
      <input_file id="fl-8">
         <path>.\</path>
         <kind>object</kind>
         <file>mpu.obj</file>
         <name>mpu.obj</name>
      </input_file>
      <input_file id="fl-9">
         <path>.\</path>
         <kind>object</kind>
         <file>nvic.obj</file>
         <name>nvic.obj</name>
      </input_file>
      <input_file id="fl-a">
         <path>.\</path>
         <kind>object</kind>
         <file>rtos.obj</file>
         <name>rtos.obj</name>
      </input_file>
      <input_file id="fl-b">
         <path>.\</path>
         <kind>object</kind>
         <file>shell.obj</file>
         <name>shell.obj</name>
      </input_file>
      <input_file id="fl-c">
         <path>.\</path>
         <kind>object</kind>
         <file>stessTest.obj</file>
         <name>stessTest.obj</name>
      </input_file>
      <input_file id="fl-d">
         <path>.\</path>
         <kind>object</kind>
         <file>tasks.obj</file>
         <name>tasks.obj</name>
      </input_file>
      <input_file id="fl-e">
         <path>.\</path>
         <kind>object</kind>
         <file>tm4c123gh6pm_startup_ccs.obj</file>
         <name>tm4c123gh6pm_startup_ccs.obj</name>
      </input_file>
      <input_file id="fl-f">
         <path>.\</path>
         <kind>object</kind>
         <file>uart0.obj</file>
         <name>uart0.obj</name>
      </input_file>
      <input_file id="fl-10">
         <path>.\</path>
         <kind>object</kind>
         <file>userCommands.obj</file>
         <name>userCommands.obj</name>
      </input_file>
      <input_file id="fl-11">
         <path>.\</path>
         <kind>object</kind>
         <file>wait.obj</file>
         <name>wait.obj</name>
      </input_file>
      <input_file id="fl-15">
         <kind>object</kind>
         <file>&lt;internal&gt;</file>
         <name>&lt;internal&gt;</name>
      </input_file>
      <input_file id="fl-cb">
         <path>C:\ti\ccs1200\ccs\tools\compiler\ti-cgt-arm_20.2.6.LTS\lib\</path>
         <kind>archive</kind>
         <file>rtsv7M4_T_le_v4SPD16_eabi.lib</file>
         <name>copy_zero_init.c.obj</name>
      </input_file>
      <input_file id="fl-cc">
         <path>C:\ti\ccs1200\ccs\tools\compiler\ti-cgt-arm_20.2.6.LTS\lib\</path>
         <kind>archive</kind>
         <file>rtsv7M4_T_le_v4SPD16_eabi.lib</file>
         <name>copy_decompress_none.c.obj</name>
      </input_file>
      <input_file id="fl-cd">
         <path>C:\ti\ccs1200\ccs\tools\compiler\ti-cgt-arm_20.2.6.LTS\lib\</path>
         <kind>archive</kind>
         <file>rtsv7M4_T_le_v4SPD16_eabi.lib</file>
         <name>copy_decompress_lzss.c.obj</name>
      </input_file>
      <input_file id="fl-ce">
         <path>C:\ti\ccs1200\ccs\tools\compiler\ti-cgt-arm_20.2.6.LTS\lib\</path>
         <kind>archive</kind>
         <file>rtsv7M4_T_le_v4SPD16_eabi.lib</file>
         <name>boot_cortex_m.c.obj</name>
      </input_file>
      <input_file id="fl-cf">
         <path>C:\ti\ccs1200\ccs\tools\compiler\ti-cgt-arm_20.2.6.LTS\lib\</path>
         <kind>archive</kind>
         <file>rtsv7M4_T_le_v4SPD16_eabi.lib</file>
         <name>memcpy_t2.asm.obj</name>
      </input_file>
      <input_file id="fl-d0">
         <path>C:\ti\ccs1200\ccs\tools\compiler\ti-cgt-arm_20.2.6.LTS\lib\</path>
         <kind>archive</kind>
         <file>rtsv7M4_T_le_v4SPD16_eabi.lib</file>
         <name>memset_t2.asm.obj</name>
      </input_file>
      <input_file id="fl-d1">
         <path>C:\ti\ccs1200\ccs\tools\compiler\ti-cgt-arm_20.2.6.LTS\lib\</path>
         <kind>archive</kind>
         <file>rtsv7M4_T_le_v4SPD16_eabi.lib</file>
         <name>autoinit.c.obj</name>
      </input_file>
      <input_file id="fl-d2">
         <path>C:\ti\ccs1200\ccs\tools\compiler\ti-cgt-arm_20.2.6.LTS\lib\</path>
         <kind>archive</kind>
         <file>rtsv7M4_T_le_v4SPD16_eabi.lib</file>
         <name>pre_init.c.obj</name>
      </input_file>
      <input_file id="fl-d3">
         <path>C:\ti\ccs1200\ccs\tools\compiler\ti-cgt-arm_20.2.6.LTS\lib\</path>
         <kind>archive</kind>
         <file>rtsv7M4_T_le_v4SPD16_eabi.lib</file>
         <name>cpy_tbl.c.obj</name>
      </input_file>
      <input_file id="fl-d4">
         <path>C:\ti\ccs1200\ccs\tools\compiler\ti-cgt-arm_20.2.6.LTS\lib\</path>
         <kind>archive</kind>
         <file>rtsv7M4_T_le_v4SPD16_eabi.lib</file>
         <name>exit.c.obj</name>
      </input_file>
      <input_file id="fl-d5">
         <path>C:\ti\ccs1200\ccs\tools\compiler\ti-cgt-arm_20.2.6.LTS\lib\</path>
         <kind>archive</kind>
         <file>rtsv7M4_T_le_v4SPD16_eabi.lib</file>
         <name>_lock.c.obj</name>
      </input_file>
      <input_file id="fl-d6">
         <path>C:\ti\ccs1200\ccs\tools\compiler\ti-cgt-arm_20.2.6.LTS\lib\</path>
         <kind>archive</kind>
         <file>rtsv7M4_T_le_v4SPD16_eabi.lib</file>
         <name>args_main.c.obj</name>
      </input_file>
   </input_file_list>
   <object_component_list>
      <object_component id="oc-12">
         <name>.intvecs</name>
         <load_address>0x0</load_address>
         <run_address>0x0</run_address>
         <size>0x26c</size>
         <input_file_ref idref="fl-e"/>
      </object_component>
      <object_component id="oc-33">
         <name>.text</name>
         <load_address>0x26c</load_address>
         <run_address>0x26c</run_address>
         <size>0xb40</size>
         <input_file_ref idref="fl-6"/>
      </object_component>
      <object_component id="oc-199">
         <name>.text</name>
         <load_address>0xdac</load_address>
         <run_address>0xdac</run_address>
         <size>0x56c</size>
         <input_file_ref idref="fl-10"/>
      </object_component>
      <object_component id="oc-7a">
         <name>.text</name>
         <load_address>0x1318</load_address>
         <run_address>0x1318</run_address>
         <size>0x3e4</size>
         <input_file_ref idref="fl-5"/>
      </object_component>
      <object_component id="oc-80">
         <name>.text</name>
         <load_address>0x16fc</load_address>
         <run_address>0x16fc</run_address>
         <size>0x3ac</size>
         <input_file_ref idref="fl-f"/>
      </object_component>
      <object_component id="oc-131">
         <name>.text</name>
         <load_address>0x1aa8</load_address>
         <run_address>0x1aa8</run_address>
         <size>0x358</size>
         <input_file_ref idref="fl-d"/>
      </object_component>
      <object_component id="oc-2d">
         <name>.text</name>
         <load_address>0x1e00</load_address>
         <run_address>0x1e00</run_address>
         <size>0x320</size>
         <input_file_ref idref="fl-4"/>
      </object_component>
      <object_component id="oc-9d">
         <name>.text</name>
         <load_address>0x2120</load_address>
         <run_address>0x2120</run_address>
         <size>0x304</size>
         <input_file_ref idref="fl-7"/>
      </object_component>
      <object_component id="oc-137">
         <name>.text</name>
         <load_address>0x2424</load_address>
         <run_address>0x2424</run_address>
         <size>0x24e</size>
         <input_file_ref idref="fl-b"/>
      </object_component>
      <object_component id="oc-d9">
         <name>.text</name>
         <load_address>0x2674</load_address>
         <run_address>0x2674</run_address>
         <size>0x1e0</size>
         <input_file_ref idref="fl-a"/>
      </object_component>
      <object_component id="oc-107">
         <name>.text</name>
         <load_address>0x2854</load_address>
         <run_address>0x2854</run_address>
         <size>0x144</size>
         <input_file_ref idref="fl-8"/>
      </object_component>
      <object_component id="oc-86">
         <name>.text</name>
         <load_address>0x2998</load_address>
         <run_address>0x2998</run_address>
         <size>0xa8</size>
         <input_file_ref idref="fl-2"/>
      </object_component>
      <object_component id="oc-47">
         <name>.text</name>
         <load_address>0x2a40</load_address>
         <run_address>0x2a40</run_address>
         <size>0x9c</size>
         <input_file_ref idref="fl-cf"/>
      </object_component>
      <object_component id="oc-cd">
         <name>.text</name>
         <load_address>0x2adc</load_address>
         <run_address>0x2adc</run_address>
         <size>0x7a</size>
         <input_file_ref idref="fl-d0"/>
      </object_component>
      <object_component id="oc-15">
         <name>.text:decompress:lzss:__TI_decompress_lzss</name>
         <load_address>0x2b56</load_address>
         <run_address>0x2b56</run_address>
         <size>0x68</size>
         <input_file_ref idref="fl-cd"/>
      </object_component>
      <object_component id="oc-14a">
         <name>.text:__TI_auto_init_nobinit_nopinit:__TI_auto_init_nobinit_nopinit</name>
         <load_address>0x2bc0</load_address>
         <run_address>0x2bc0</run_address>
         <size>0x44</size>
         <input_file_ref idref="fl-d1"/>
      </object_component>
      <object_component id="oc-65">
         <name>.text:_c_int00_noargs:_c_int00_noargs</name>
         <load_address>0x2c04</load_address>
         <run_address>0x2c04</run_address>
         <size>0x34</size>
         <input_file_ref idref="fl-ce"/>
      </object_component>
      <object_component id="oc-192">
         <name>.text</name>
         <load_address>0x2c38</load_address>
         <run_address>0x2c38</run_address>
         <size>0x1c</size>
         <input_file_ref idref="fl-11"/>
      </object_component>
      <object_component id="oc-12b">
         <name>.text</name>
         <load_address>0x2c54</load_address>
         <run_address>0x2c54</run_address>
         <size>0x10</size>
         <input_file_ref idref="fl-3"/>
      </object_component>
      <object_component id="oc-1b">
         <name>.text:decompress:none:__TI_decompress_none</name>
         <load_address>0x2c64</load_address>
         <run_address>0x2c64</run_address>
         <size>0xe</size>
         <input_file_ref idref="fl-cc"/>
      </object_component>
      <object_component id="oc-59">
         <name>.text:decompress:ZI:__TI_zero_init</name>
         <load_address>0x2c72</load_address>
         <run_address>0x2c72</run_address>
         <size>0xc</size>
         <input_file_ref idref="fl-cb"/>
      </object_component>
      <object_component id="oc-27">
         <name>.text</name>
         <load_address>0x2c7e</load_address>
         <run_address>0x2c7e</run_address>
         <size>0xa</size>
         <input_file_ref idref="fl-e"/>
      </object_component>
      <object_component id="oc-d3">
         <name>.text:_system_pre_init</name>
         <load_address>0x2c88</load_address>
         <run_address>0x2c88</run_address>
         <size>0x4</size>
         <input_file_ref idref="fl-d2"/>
      </object_component>
      <object_component id="oc-13e">
         <name>.text:abort:abort</name>
         <load_address>0x2c8c</load_address>
         <run_address>0x2c8c</run_address>
         <size>0x4</size>
         <input_file_ref idref="fl-d4"/>
      </object_component>
      <object_component id="oc-223">
         <name>.cinit..data.load</name>
         <load_address>0x2c90</load_address>
         <run_address>0x2c90</run_address>
         <size>0x14</size>
      </object_component>
      <object_component id="oc-221">
         <name>__TI_handler_table</name>
         <load_address>0x2ca4</load_address>
         <run_address>0x2ca4</run_address>
         <size>0xc</size>
      </object_component>
      <object_component id="oc-224">
         <name>.cinit..bss.load</name>
         <load_address>0x2cb0</load_address>
         <run_address>0x2cb0</run_address>
         <size>0x8</size>
      </object_component>
      <object_component id="oc-222">
         <name>__TI_cinit_table</name>
         <load_address>0x2cb8</load_address>
         <run_address>0x2cb8</run_address>
         <size>0x10</size>
      </object_component>
      <object_component id="oc-8b">
         <name>.data</name>
         <load_address>0x20000618</load_address>
         <run_address>0x20000618</run_address>
         <size>0x8</size>
         <input_file_ref idref="fl-4"/>
      </object_component>
      <object_component id="oc-95">
         <name>.data</name>
         <load_address>0x20000608</load_address>
         <run_address>0x20000608</run_address>
         <size>0xf</size>
         <input_file_ref idref="fl-6"/>
      </object_component>
      <object_component id="oc-a3">
         <name>.data:lastTaskRun</name>
         <load_address>0x20000620</load_address>
         <run_address>0x20000620</run_address>
         <size>0x8</size>
         <input_file_ref idref="fl-6"/>
      </object_component>
      <object_component id="oc-9b">
         <name>.common:mutexes</name>
         <uninitialized>true</uninitialized>
         <run_address>0x200003bc</run_address>
         <size>0x48</size>
      </object_component>
      <object_component id="oc-9c">
         <name>.common:semaphores</name>
         <uninitialized>true</uninitialized>
         <run_address>0x200002a0</run_address>
         <size>0xcc</size>
      </object_component>
      <object_component id="oc-98">
         <name>.common:tcb</name>
         <uninitialized>true</uninitialized>
         <run_address>0x20000000</run_address>
         <size>0x2a0</size>
      </object_component>
      <object_component id="oc-10d">
         <name>.common:memoryMap</name>
         <uninitialized>true</uninitialized>
         <run_address>0x2000036c</run_address>
         <size>0x50</size>
      </object_component>
      <object_component id="oc-24">
         <name>.stack</name>
         <uninitialized>true</uninitialized>
         <run_address>0x20000408</run_address>
         <size>0x4</size>
         <input_file_ref idref="fl-ce"/>
      </object_component>
      <object_component id="oc-226">
         <name>.stack</name>
         <uninitialized>true</uninitialized>
         <run_address>0x20000408</run_address>
         <size>0x0</size>
      </object_component>
      <object_component id="oc-87">
         <name>.debug_info</name>
         <load_address>0x0</load_address>
         <run_address>0x0</run_address>
         <size>0x124</size>
         <input_file_ref idref="fl-2"/>
      </object_component>
      <object_component id="oc-11a">
         <name>.debug_info</name>
         <load_address>0x124</load_address>
         <run_address>0x124</run_address>
         <size>0x25b</size>
         <input_file_ref idref="fl-3"/>
      </object_component>
      <object_component id="oc-12e">
         <name>.debug_info</name>
         <load_address>0x37f</load_address>
         <run_address>0x37f</run_address>
         <size>0x118</size>
         <input_file_ref idref="fl-3"/>
      </object_component>
      <object_component id="oc-b3">
         <name>.debug_info</name>
         <load_address>0x497</load_address>
         <run_address>0x497</run_address>
         <size>0x26b</size>
         <input_file_ref idref="fl-3"/>
      </object_component>
      <object_component id="oc-42">
         <name>.debug_info</name>
         <load_address>0x702</load_address>
         <run_address>0x702</run_address>
         <size>0x84</size>
         <input_file_ref idref="fl-3"/>
      </object_component>
      <object_component id="oc-115">
         <name>.debug_info</name>
         <load_address>0x786</load_address>
         <run_address>0x786</run_address>
         <size>0x2a4</size>
         <input_file_ref idref="fl-3"/>
      </object_component>
      <object_component id="oc-a7">
         <name>.debug_info</name>
         <load_address>0xa2a</load_address>
         <run_address>0xa2a</run_address>
         <size>0xbb</size>
         <input_file_ref idref="fl-3"/>
      </object_component>
      <object_component id="oc-94">
         <name>.debug_info</name>
         <load_address>0xae5</load_address>
         <run_address>0xae5</run_address>
         <size>0x3ba</size>
         <input_file_ref idref="fl-4"/>
      </object_component>
      <object_component id="oc-8c">
         <name>.debug_info</name>
         <load_address>0xe9f</load_address>
         <run_address>0xe9f</run_address>
         <size>0xf2</size>
         <input_file_ref idref="fl-4"/>
      </object_component>
      <object_component id="oc-2e">
         <name>.debug_info</name>
         <load_address>0xf91</load_address>
         <run_address>0xf91</run_address>
         <size>0x5ae</size>
         <input_file_ref idref="fl-4"/>
      </object_component>
      <object_component id="oc-fd">
         <name>.debug_info</name>
         <load_address>0x153f</load_address>
         <run_address>0x153f</run_address>
         <size>0x1ba</size>
         <input_file_ref idref="fl-4"/>
      </object_component>
      <object_component id="oc-180">
         <name>.debug_info</name>
         <load_address>0x16f9</load_address>
         <run_address>0x16f9</run_address>
         <size>0x93</size>
         <input_file_ref idref="fl-4"/>
      </object_component>
      <object_component id="oc-ec">
         <name>.debug_info</name>
         <load_address>0x178c</load_address>
         <run_address>0x178c</run_address>
         <size>0x88</size>
         <input_file_ref idref="fl-4"/>
      </object_component>
      <object_component id="oc-8f">
         <name>.debug_info</name>
         <load_address>0x1814</load_address>
         <run_address>0x1814</run_address>
         <size>0x8b</size>
         <input_file_ref idref="fl-4"/>
      </object_component>
      <object_component id="oc-ac">
         <name>.debug_info</name>
         <load_address>0x189f</load_address>
         <run_address>0x189f</run_address>
         <size>0x2c</size>
         <input_file_ref idref="fl-4"/>
      </object_component>
      <object_component id="oc-f1">
         <name>.debug_info</name>
         <load_address>0x18cb</load_address>
         <run_address>0x18cb</run_address>
         <size>0x2cd</size>
         <input_file_ref idref="fl-5"/>
      </object_component>
      <object_component id="oc-7e">
         <name>.debug_info</name>
         <load_address>0x1b98</load_address>
         <run_address>0x1b98</run_address>
         <size>0xf73</size>
         <input_file_ref idref="fl-5"/>
      </object_component>
      <object_component id="oc-99">
         <name>.debug_info</name>
         <load_address>0x2b0b</load_address>
         <run_address>0x2b0b</run_address>
         <size>0x566</size>
         <input_file_ref idref="fl-6"/>
      </object_component>
      <object_component id="oc-96">
         <name>.debug_info</name>
         <load_address>0x3071</load_address>
         <run_address>0x3071</run_address>
         <size>0x1f4</size>
         <input_file_ref idref="fl-6"/>
      </object_component>
      <object_component id="oc-a4">
         <name>.debug_info</name>
         <load_address>0x3265</load_address>
         <run_address>0x3265</run_address>
         <size>0xd7</size>
         <input_file_ref idref="fl-6"/>
      </object_component>
      <object_component id="oc-34">
         <name>.debug_info</name>
         <load_address>0x333c</load_address>
         <run_address>0x333c</run_address>
         <size>0x126f</size>
         <input_file_ref idref="fl-6"/>
      </object_component>
      <object_component id="oc-102">
         <name>.debug_info</name>
         <load_address>0x45ab</load_address>
         <run_address>0x45ab</run_address>
         <size>0x207</size>
         <input_file_ref idref="fl-6"/>
      </object_component>
      <object_component id="oc-10e">
         <name>.debug_info</name>
         <load_address>0x47b2</load_address>
         <run_address>0x47b2</run_address>
         <size>0x379</size>
         <input_file_ref idref="fl-7"/>
      </object_component>
      <object_component id="oc-a1">
         <name>.debug_info</name>
         <load_address>0x4b2b</load_address>
         <run_address>0x4b2b</run_address>
         <size>0x633</size>
         <input_file_ref idref="fl-7"/>
      </object_component>
      <object_component id="oc-110">
         <name>.debug_info</name>
         <load_address>0x515e</load_address>
         <run_address>0x515e</run_address>
         <size>0x33e</size>
         <input_file_ref idref="fl-8"/>
      </object_component>
      <object_component id="oc-109">
         <name>.debug_info</name>
         <load_address>0x549c</load_address>
         <run_address>0x549c</run_address>
         <size>0x319</size>
         <input_file_ref idref="fl-8"/>
      </object_component>
      <object_component id="oc-da">
         <name>.debug_info</name>
         <load_address>0x57b5</load_address>
         <run_address>0x57b5</run_address>
         <size>0x2cb</size>
         <input_file_ref idref="fl-a"/>
      </object_component>
      <object_component id="oc-1a0">
         <name>.debug_info</name>
         <load_address>0x5a80</load_address>
         <run_address>0x5a80</run_address>
         <size>0x515</size>
         <input_file_ref idref="fl-b"/>
      </object_component>
      <object_component id="oc-139">
         <name>.debug_info</name>
         <load_address>0x5f95</load_address>
         <run_address>0x5f95</run_address>
         <size>0x3da</size>
         <input_file_ref idref="fl-b"/>
      </object_component>
      <object_component id="oc-133">
         <name>.debug_info</name>
         <load_address>0x636f</load_address>
         <run_address>0x636f</run_address>
         <size>0xa27</size>
         <input_file_ref idref="fl-d"/>
      </object_component>
      <object_component id="oc-3b">
         <name>.debug_info</name>
         <load_address>0x6d96</load_address>
         <run_address>0x6d96</run_address>
         <size>0x37a</size>
         <input_file_ref idref="fl-e"/>
      </object_component>
      <object_component id="oc-13">
         <name>.debug_info</name>
         <load_address>0x7110</load_address>
         <run_address>0x7110</run_address>
         <size>0xeb</size>
         <input_file_ref idref="fl-e"/>
      </object_component>
      <object_component id="oc-28">
         <name>.debug_info</name>
         <load_address>0x71fb</load_address>
         <run_address>0x71fb</run_address>
         <size>0x206</size>
         <input_file_ref idref="fl-e"/>
      </object_component>
      <object_component id="oc-f3">
         <name>.debug_info</name>
         <load_address>0x7401</load_address>
         <run_address>0x7401</run_address>
         <size>0x30f</size>
         <input_file_ref idref="fl-f"/>
      </object_component>
      <object_component id="oc-82">
         <name>.debug_info</name>
         <load_address>0x7710</load_address>
         <run_address>0x7710</run_address>
         <size>0xb40</size>
         <input_file_ref idref="fl-f"/>
      </object_component>
      <object_component id="oc-122">
         <name>.debug_info</name>
         <load_address>0x8250</load_address>
         <run_address>0x8250</run_address>
         <size>0x2c</size>
         <input_file_ref idref="fl-f"/>
      </object_component>
      <object_component id="oc-185">
         <name>.debug_info</name>
         <load_address>0x827c</load_address>
         <run_address>0x827c</run_address>
         <size>0x35</size>
         <input_file_ref idref="fl-f"/>
      </object_component>
      <object_component id="oc-1c3">
         <name>.debug_info</name>
         <load_address>0x82b1</load_address>
         <run_address>0x82b1</run_address>
         <size>0x4a3</size>
         <input_file_ref idref="fl-10"/>
      </object_component>
      <object_component id="oc-19b">
         <name>.debug_info</name>
         <load_address>0x8754</load_address>
         <run_address>0x8754</run_address>
         <size>0xd80</size>
         <input_file_ref idref="fl-10"/>
      </object_component>
      <object_component id="oc-194">
         <name>.debug_info</name>
         <load_address>0x94d4</load_address>
         <run_address>0x94d4</run_address>
         <size>0x114</size>
         <input_file_ref idref="fl-11"/>
      </object_component>
      <object_component id="oc-cc">
         <name>.debug_info</name>
         <load_address>0x95e8</load_address>
         <run_address>0x95e8</run_address>
         <size>0x2d4</size>
         <input_file_ref idref="fl-cb"/>
      </object_component>
      <object_component id="oc-5b">
         <name>.debug_info</name>
         <load_address>0x98bc</load_address>
         <run_address>0x98bc</run_address>
         <size>0x1b5</size>
         <input_file_ref idref="fl-cb"/>
      </object_component>
      <object_component id="oc-c7">
         <name>.debug_info</name>
         <load_address>0x9a71</load_address>
         <run_address>0x9a71</run_address>
         <size>0x46</size>
         <input_file_ref idref="fl-cb"/>
      </object_component>
      <object_component id="oc-52">
         <name>.debug_info</name>
         <load_address>0x9ab7</load_address>
         <run_address>0x9ab7</run_address>
         <size>0x2a8</size>
         <input_file_ref idref="fl-cc"/>
      </object_component>
      <object_component id="oc-1d">
         <name>.debug_info</name>
         <load_address>0x9d5f</load_address>
         <run_address>0x9d5f</run_address>
         <size>0x1ea</size>
         <input_file_ref idref="fl-cc"/>
      </object_component>
      <object_component id="oc-4d">
         <name>.debug_info</name>
         <load_address>0x9f49</load_address>
         <run_address>0x9f49</run_address>
         <size>0x46</size>
         <input_file_ref idref="fl-cc"/>
      </object_component>
      <object_component id="oc-bf">
         <name>.debug_info</name>
         <load_address>0x9f8f</load_address>
         <run_address>0x9f8f</run_address>
         <size>0x2c</size>
         <input_file_ref idref="fl-cc"/>
      </object_component>
      <object_component id="oc-bd">
         <name>.debug_info</name>
         <load_address>0x9fbb</load_address>
         <run_address>0x9fbb</run_address>
         <size>0x29e</size>
         <input_file_ref idref="fl-cd"/>
      </object_component>
      <object_component id="oc-16">
         <name>.debug_info</name>
         <load_address>0xa259</load_address>
         <run_address>0xa259</run_address>
         <size>0x250</size>
         <input_file_ref idref="fl-cd"/>
      </object_component>
      <object_component id="oc-3d">
         <name>.debug_info</name>
         <load_address>0xa4a9</load_address>
         <run_address>0xa4a9</run_address>
         <size>0x60</size>
         <input_file_ref idref="fl-cd"/>
      </object_component>
      <object_component id="oc-11b">
         <name>.debug_info</name>
         <load_address>0xa509</load_address>
         <run_address>0xa509</run_address>
         <size>0x46</size>
         <input_file_ref idref="fl-cd"/>
      </object_component>
      <object_component id="oc-b8">
         <name>.debug_info</name>
         <load_address>0xa54f</load_address>
         <run_address>0xa54f</run_address>
         <size>0x39</size>
         <input_file_ref idref="fl-cd"/>
      </object_component>
      <object_component id="oc-25">
         <name>.debug_info</name>
         <load_address>0xa588</load_address>
         <run_address>0xa588</run_address>
         <size>0x10b</size>
         <input_file_ref idref="fl-ce"/>
      </object_component>
      <object_component id="oc-66">
         <name>.debug_info</name>
         <load_address>0xa693</load_address>
         <run_address>0xa693</run_address>
         <size>0x1a9</size>
         <input_file_ref idref="fl-ce"/>
      </object_component>
      <object_component id="oc-4a">
         <name>.debug_info</name>
         <load_address>0xa83c</load_address>
         <run_address>0xa83c</run_address>
         <size>0x119</size>
         <input_file_ref idref="fl-cf"/>
      </object_component>
      <object_component id="oc-ce">
         <name>.debug_info</name>
         <load_address>0xa955</load_address>
         <run_address>0xa955</run_address>
         <size>0x147</size>
         <input_file_ref idref="fl-d0"/>
      </object_component>
      <object_component id="oc-1ac">
         <name>.debug_info</name>
         <load_address>0xaa9c</load_address>
         <run_address>0xaa9c</run_address>
         <size>0x4b3</size>
         <input_file_ref idref="fl-d1"/>
      </object_component>
      <object_component id="oc-14c">
         <name>.debug_info</name>
         <load_address>0xaf4f</load_address>
         <run_address>0xaf4f</run_address>
         <size>0x1a6</size>
         <input_file_ref idref="fl-d1"/>
      </object_component>
      <object_component id="oc-1d6">
         <name>.debug_info</name>
         <load_address>0xb0f5</load_address>
         <run_address>0xb0f5</run_address>
         <size>0x39</size>
         <input_file_ref idref="fl-d1"/>
      </object_component>
      <object_component id="oc-1ec">
         <name>.debug_info</name>
         <load_address>0xb12e</load_address>
         <run_address>0xb12e</run_address>
         <size>0x39</size>
         <input_file_ref idref="fl-d1"/>
      </object_component>
      <object_component id="oc-1db">
         <name>.debug_info</name>
         <load_address>0xb167</load_address>
         <run_address>0xb167</run_address>
         <size>0x39</size>
         <input_file_ref idref="fl-d1"/>
      </object_component>
      <object_component id="oc-1e0">
         <name>.debug_info</name>
         <load_address>0xb1a0</load_address>
         <run_address>0xb1a0</run_address>
         <size>0xcd</size>
         <input_file_ref idref="fl-d1"/>
      </object_component>
      <object_component id="oc-d5">
         <name>.debug_info</name>
         <load_address>0xb26d</load_address>
         <run_address>0xb26d</run_address>
         <size>0x153</size>
         <input_file_ref idref="fl-d2"/>
      </object_component>
      <object_component id="oc-141">
         <name>.debug_info</name>
         <load_address>0xb3c0</load_address>
         <run_address>0xb3c0</run_address>
         <size>0x122</size>
         <input_file_ref idref="fl-d4"/>
      </object_component>
      <object_component id="oc-227">
         <name>.debug_info</name>
         <load_address>0xb4e2</load_address>
         <run_address>0xb4e2</run_address>
         <size>0x9e</size>
      </object_component>
      <object_component id="oc-8a">
         <name>.debug_line</name>
         <load_address>0x0</load_address>
         <run_address>0x0</run_address>
         <size>0x69</size>
         <input_file_ref idref="fl-2"/>
      </object_component>
      <object_component id="oc-190">
         <name>.debug_line</name>
         <load_address>0x69</load_address>
         <run_address>0x69</run_address>
         <size>0x20</size>
         <input_file_ref idref="fl-3"/>
      </object_component>
      <object_component id="oc-12c">
         <name>.debug_line</name>
         <load_address>0x89</load_address>
         <run_address>0x89</run_address>
         <size>0x40</size>
         <input_file_ref idref="fl-3"/>
      </object_component>
      <object_component id="oc-b6">
         <name>.debug_line</name>
         <load_address>0xc9</load_address>
         <run_address>0xc9</run_address>
         <size>0x6f</size>
         <input_file_ref idref="fl-3"/>
      </object_component>
      <object_component id="oc-45">
         <name>.debug_line</name>
         <load_address>0x138</load_address>
         <run_address>0x138</run_address>
         <size>0x20</size>
         <input_file_ref idref="fl-3"/>
      </object_component>
      <object_component id="oc-118">
         <name>.debug_line</name>
         <load_address>0x158</load_address>
         <run_address>0x158</run_address>
         <size>0x73</size>
         <input_file_ref idref="fl-3"/>
      </object_component>
      <object_component id="oc-aa">
         <name>.debug_line</name>
         <load_address>0x1cb</load_address>
         <run_address>0x1cb</run_address>
         <size>0x70</size>
         <input_file_ref idref="fl-3"/>
      </object_component>
      <object_component id="oc-f8">
         <name>.debug_line</name>
         <load_address>0x23b</load_address>
         <run_address>0x23b</run_address>
         <size>0x56</size>
         <input_file_ref idref="fl-4"/>
      </object_component>
      <object_component id="oc-f6">
         <name>.debug_line</name>
         <load_address>0x291</load_address>
         <run_address>0x291</run_address>
         <size>0x2f</size>
         <input_file_ref idref="fl-4"/>
      </object_component>
      <object_component id="oc-31">
         <name>.debug_line</name>
         <load_address>0x2c0</load_address>
         <run_address>0x2c0</run_address>
         <size>0x10b</size>
         <input_file_ref idref="fl-4"/>
      </object_component>
      <object_component id="oc-100">
         <name>.debug_line</name>
         <load_address>0x3cb</load_address>
         <run_address>0x3cb</run_address>
         <size>0x5a</size>
         <input_file_ref idref="fl-4"/>
      </object_component>
      <object_component id="oc-183">
         <name>.debug_line</name>
         <load_address>0x425</load_address>
         <run_address>0x425</run_address>
         <size>0x2e</size>
         <input_file_ref idref="fl-4"/>
      </object_component>
      <object_component id="oc-ef">
         <name>.debug_line</name>
         <load_address>0x453</load_address>
         <run_address>0x453</run_address>
         <size>0x2d</size>
         <input_file_ref idref="fl-4"/>
      </object_component>
      <object_component id="oc-92">
         <name>.debug_line</name>
         <load_address>0x480</load_address>
         <run_address>0x480</run_address>
         <size>0x20</size>
         <input_file_ref idref="fl-4"/>
      </object_component>
      <object_component id="oc-af">
         <name>.debug_line</name>
         <load_address>0x4a0</load_address>
         <run_address>0x4a0</run_address>
         <size>0x2f</size>
         <input_file_ref idref="fl-4"/>
      </object_component>
      <object_component id="oc-17d">
         <name>.debug_line</name>
         <load_address>0x4cf</load_address>
         <run_address>0x4cf</run_address>
         <size>0x20</size>
         <input_file_ref idref="fl-5"/>
      </object_component>
      <object_component id="oc-7b">
         <name>.debug_line</name>
         <load_address>0x4ef</load_address>
         <run_address>0x4ef</run_address>
         <size>0x396</size>
         <input_file_ref idref="fl-5"/>
      </object_component>
      <object_component id="oc-fc">
         <name>.debug_line</name>
         <load_address>0x885</load_address>
         <run_address>0x885</run_address>
         <size>0x54</size>
         <input_file_ref idref="fl-6"/>
      </object_component>
      <object_component id="oc-fa">
         <name>.debug_line</name>
         <load_address>0x8d9</load_address>
         <run_address>0x8d9</run_address>
         <size>0x2f</size>
         <input_file_ref idref="fl-6"/>
      </object_component>
      <object_component id="oc-114">
         <name>.debug_line</name>
         <load_address>0x908</load_address>
         <run_address>0x908</run_address>
         <size>0x2f</size>
         <input_file_ref idref="fl-6"/>
      </object_component>
      <object_component id="oc-38">
         <name>.debug_line</name>
         <load_address>0x937</load_address>
         <run_address>0x937</run_address>
         <size>0x85b</size>
         <input_file_ref idref="fl-6"/>
      </object_component>
      <object_component id="oc-105">
         <name>.debug_line</name>
         <load_address>0x1192</load_address>
         <run_address>0x1192</run_address>
         <size>0x2f</size>
         <input_file_ref idref="fl-6"/>
      </object_component>
      <object_component id="oc-18c">
         <name>.debug_line</name>
         <load_address>0x11c1</load_address>
         <run_address>0x11c1</run_address>
         <size>0x37</size>
         <input_file_ref idref="fl-7"/>
      </object_component>
      <object_component id="oc-9e">
         <name>.debug_line</name>
         <load_address>0x11f8</load_address>
         <run_address>0x11f8</run_address>
         <size>0x272</size>
         <input_file_ref idref="fl-7"/>
      </object_component>
      <object_component id="oc-18e">
         <name>.debug_line</name>
         <load_address>0x146a</load_address>
         <run_address>0x146a</run_address>
         <size>0x3a</size>
         <input_file_ref idref="fl-8"/>
      </object_component>
      <object_component id="oc-108">
         <name>.debug_line</name>
         <load_address>0x14a4</load_address>
         <run_address>0x14a4</run_address>
         <size>0xb9</size>
         <input_file_ref idref="fl-8"/>
      </object_component>
      <object_component id="oc-de">
         <name>.debug_line</name>
         <load_address>0x155d</load_address>
         <run_address>0x155d</run_address>
         <size>0x6c</size>
         <input_file_ref idref="fl-a"/>
      </object_component>
      <object_component id="oc-1c5">
         <name>.debug_line</name>
         <load_address>0x15c9</load_address>
         <run_address>0x15c9</run_address>
         <size>0x52</size>
         <input_file_ref idref="fl-b"/>
      </object_component>
      <object_component id="oc-138">
         <name>.debug_line</name>
         <load_address>0x161b</load_address>
         <run_address>0x161b</run_address>
         <size>0xe0</size>
         <input_file_ref idref="fl-b"/>
      </object_component>
      <object_component id="oc-132">
         <name>.debug_line</name>
         <load_address>0x16fb</load_address>
         <run_address>0x16fb</run_address>
         <size>0x259</size>
         <input_file_ref idref="fl-d"/>
      </object_component>
      <object_component id="oc-b2">
         <name>.debug_line</name>
         <load_address>0x1954</load_address>
         <run_address>0x1954</run_address>
         <size>0x41</size>
         <input_file_ref idref="fl-e"/>
      </object_component>
      <object_component id="oc-3a">
         <name>.debug_line</name>
         <load_address>0x1995</load_address>
         <run_address>0x1995</run_address>
         <size>0x41</size>
         <input_file_ref idref="fl-e"/>
      </object_component>
      <object_component id="oc-2b">
         <name>.debug_line</name>
         <load_address>0x19d6</load_address>
         <run_address>0x19d6</run_address>
         <size>0x83</size>
         <input_file_ref idref="fl-e"/>
      </object_component>
      <object_component id="oc-17f">
         <name>.debug_line</name>
         <load_address>0x1a59</load_address>
         <run_address>0x1a59</run_address>
         <size>0x2f</size>
         <input_file_ref idref="fl-f"/>
      </object_component>
      <object_component id="oc-81">
         <name>.debug_line</name>
         <load_address>0x1a88</load_address>
         <run_address>0x1a88</run_address>
         <size>0x35c</size>
         <input_file_ref idref="fl-f"/>
      </object_component>
      <object_component id="oc-125">
         <name>.debug_line</name>
         <load_address>0x1de4</load_address>
         <run_address>0x1de4</run_address>
         <size>0x6b</size>
         <input_file_ref idref="fl-f"/>
      </object_component>
      <object_component id="oc-188">
         <name>.debug_line</name>
         <load_address>0x1e4f</load_address>
         <run_address>0x1e4f</run_address>
         <size>0x74</size>
         <input_file_ref idref="fl-f"/>
      </object_component>
      <object_component id="oc-1e8">
         <name>.debug_line</name>
         <load_address>0x1ec3</load_address>
         <run_address>0x1ec3</run_address>
         <size>0x3d</size>
         <input_file_ref idref="fl-10"/>
      </object_component>
      <object_component id="oc-19e">
         <name>.debug_line</name>
         <load_address>0x1f00</load_address>
         <run_address>0x1f00</run_address>
         <size>0x332</size>
         <input_file_ref idref="fl-10"/>
      </object_component>
      <object_component id="oc-197">
         <name>.debug_line</name>
         <load_address>0x2232</load_address>
         <run_address>0x2232</run_address>
         <size>0x3c</size>
         <input_file_ref idref="fl-11"/>
      </object_component>
      <object_component id="oc-128">
         <name>.debug_line</name>
         <load_address>0x226e</load_address>
         <run_address>0x226e</run_address>
         <size>0x92</size>
         <input_file_ref idref="fl-cb"/>
      </object_component>
      <object_component id="oc-5a">
         <name>.debug_line</name>
         <load_address>0x2300</load_address>
         <run_address>0x2300</run_address>
         <size>0x53</size>
         <input_file_ref idref="fl-cb"/>
      </object_component>
      <object_component id="oc-ca">
         <name>.debug_line</name>
         <load_address>0x2353</load_address>
         <run_address>0x2353</run_address>
         <size>0x34</size>
         <input_file_ref idref="fl-cb"/>
      </object_component>
      <object_component id="oc-c5">
         <name>.debug_line</name>
         <load_address>0x2387</load_address>
         <run_address>0x2387</run_address>
         <size>0x20</size>
         <input_file_ref idref="fl-cc"/>
      </object_component>
      <object_component id="oc-1f">
         <name>.debug_line</name>
         <load_address>0x23a7</load_address>
         <run_address>0x23a7</run_address>
         <size>0x55</size>
         <input_file_ref idref="fl-cc"/>
      </object_component>
      <object_component id="oc-50">
         <name>.debug_line</name>
         <load_address>0x23fc</load_address>
         <run_address>0x23fc</run_address>
         <size>0x3a</size>
         <input_file_ref idref="fl-cc"/>
      </object_component>
      <object_component id="oc-c2">
         <name>.debug_line</name>
         <load_address>0x2436</load_address>
         <run_address>0x2436</run_address>
         <size>0x92</size>
         <input_file_ref idref="fl-cc"/>
      </object_component>
      <object_component id="oc-121">
         <name>.debug_line</name>
         <load_address>0x24c8</load_address>
         <run_address>0x24c8</run_address>
         <size>0x20</size>
         <input_file_ref idref="fl-cd"/>
      </object_component>
      <object_component id="oc-1a">
         <name>.debug_line</name>
         <load_address>0x24e8</load_address>
         <run_address>0x24e8</run_address>
         <size>0xa9</size>
         <input_file_ref idref="fl-cd"/>
      </object_component>
      <object_component id="oc-40">
         <name>.debug_line</name>
         <load_address>0x2591</load_address>
         <run_address>0x2591</run_address>
         <size>0x3a</size>
         <input_file_ref idref="fl-cd"/>
      </object_component>
      <object_component id="oc-11e">
         <name>.debug_line</name>
         <load_address>0x25cb</load_address>
         <run_address>0x25cb</run_address>
         <size>0x9a</size>
         <input_file_ref idref="fl-cd"/>
      </object_component>
      <object_component id="oc-bb">
         <name>.debug_line</name>
         <load_address>0x2665</load_address>
         <run_address>0x2665</run_address>
         <size>0x96</size>
         <input_file_ref idref="fl-cd"/>
      </object_component>
      <object_component id="oc-78">
         <name>.debug_line</name>
         <load_address>0x26fb</load_address>
         <run_address>0x26fb</run_address>
         <size>0x33</size>
         <input_file_ref idref="fl-ce"/>
      </object_component>
      <object_component id="oc-6a">
         <name>.debug_line</name>
         <load_address>0x272e</load_address>
         <run_address>0x272e</run_address>
         <size>0x45</size>
         <input_file_ref idref="fl-ce"/>
      </object_component>
      <object_component id="oc-49">
         <name>.debug_line</name>
         <load_address>0x2773</load_address>
         <run_address>0x2773</run_address>
         <size>0x88</size>
         <input_file_ref idref="fl-cf"/>
      </object_component>
      <object_component id="oc-d1">
         <name>.debug_line</name>
         <load_address>0x27fb</load_address>
         <run_address>0x27fb</run_address>
         <size>0x79</size>
         <input_file_ref idref="fl-d0"/>
      </object_component>
      <object_component id="oc-1d5">
         <name>.debug_line</name>
         <load_address>0x2874</load_address>
         <run_address>0x2874</run_address>
         <size>0xbf</size>
         <input_file_ref idref="fl-d1"/>
      </object_component>
      <object_component id="oc-14b">
         <name>.debug_line</name>
         <load_address>0x2933</load_address>
         <run_address>0x2933</run_address>
         <size>0x6f</size>
         <input_file_ref idref="fl-d1"/>
      </object_component>
      <object_component id="oc-1d9">
         <name>.debug_line</name>
         <load_address>0x29a2</load_address>
         <run_address>0x29a2</run_address>
         <size>0x2e</size>
         <input_file_ref idref="fl-d1"/>
      </object_component>
      <object_component id="oc-1ef">
         <name>.debug_line</name>
         <load_address>0x29d0</load_address>
         <run_address>0x29d0</run_address>
         <size>0x9a</size>
         <input_file_ref idref="fl-d1"/>
      </object_component>
      <object_component id="oc-1de">
         <name>.debug_line</name>
         <load_address>0x2a6a</load_address>
         <run_address>0x2a6a</run_address>
         <size>0x97</size>
         <input_file_ref idref="fl-d1"/>
      </object_component>
      <object_component id="oc-1e3">
         <name>.debug_line</name>
         <load_address>0x2b01</load_address>
         <run_address>0x2b01</run_address>
         <size>0x93</size>
         <input_file_ref idref="fl-d1"/>
      </object_component>
      <object_component id="oc-d8">
         <name>.debug_line</name>
         <load_address>0x2b94</load_address>
         <run_address>0x2b94</run_address>
         <size>0x40</size>
         <input_file_ref idref="fl-d2"/>
      </object_component>
      <object_component id="oc-140">
         <name>.debug_line</name>
         <load_address>0x2bd4</load_address>
         <run_address>0x2bd4</run_address>
         <size>0x3c</size>
         <input_file_ref idref="fl-d4"/>
      </object_component>
      <object_component id="oc-f4">
         <name>.debug_abbrev</name>
         <load_address>0x0</load_address>
         <run_address>0x0</run_address>
         <size>0x35</size>
         <input_file_ref idref="fl-2"/>
      </object_component>
      <object_component id="oc-18f">
         <name>.debug_abbrev</name>
         <load_address>0x35</load_address>
         <run_address>0x35</run_address>
         <size>0x27</size>
         <input_file_ref idref="fl-3"/>
      </object_component>
      <object_component id="oc-191">
         <name>.debug_abbrev</name>
         <load_address>0x5c</load_address>
         <run_address>0x5c</run_address>
         <size>0x50</size>
         <input_file_ref idref="fl-3"/>
      </object_component>
      <object_component id="oc-b5">
         <name>.debug_abbrev</name>
         <load_address>0xac</load_address>
         <run_address>0xac</run_address>
         <size>0x69</size>
         <input_file_ref idref="fl-3"/>
      </object_component>
      <object_component id="oc-44">
         <name>.debug_abbrev</name>
         <load_address>0x115</load_address>
         <run_address>0x115</run_address>
         <size>0x1f</size>
         <input_file_ref idref="fl-3"/>
      </object_component>
      <object_component id="oc-117">
         <name>.debug_abbrev</name>
         <load_address>0x134</load_address>
         <run_address>0x134</run_address>
         <size>0x5c</size>
         <input_file_ref idref="fl-3"/>
      </object_component>
      <object_component id="oc-a9">
         <name>.debug_abbrev</name>
         <load_address>0x190</load_address>
         <run_address>0x190</run_address>
         <size>0x24</size>
         <input_file_ref idref="fl-3"/>
      </object_component>
      <object_component id="oc-f7">
         <name>.debug_abbrev</name>
         <load_address>0x1b4</load_address>
         <run_address>0x1b4</run_address>
         <size>0xaf</size>
         <input_file_ref idref="fl-4"/>
      </object_component>
      <object_component id="oc-f5">
         <name>.debug_abbrev</name>
         <load_address>0x263</load_address>
         <run_address>0x263</run_address>
         <size>0x29</size>
         <input_file_ref idref="fl-4"/>
      </object_component>
      <object_component id="oc-8e">
         <name>.debug_abbrev</name>
         <load_address>0x28c</load_address>
         <run_address>0x28c</run_address>
         <size>0x6c</size>
         <input_file_ref idref="fl-4"/>
      </object_component>
      <object_component id="oc-ff">
         <name>.debug_abbrev</name>
         <load_address>0x2f8</load_address>
         <run_address>0x2f8</run_address>
         <size>0x6b</size>
         <input_file_ref idref="fl-4"/>
      </object_component>
      <object_component id="oc-182">
         <name>.debug_abbrev</name>
         <load_address>0x363</load_address>
         <run_address>0x363</run_address>
         <size>0x5a</size>
         <input_file_ref idref="fl-4"/>
      </object_component>
      <object_component id="oc-ee">
         <name>.debug_abbrev</name>
         <load_address>0x3bd</load_address>
         <run_address>0x3bd</run_address>
         <size>0x44</size>
         <input_file_ref idref="fl-4"/>
      </object_component>
      <object_component id="oc-91">
         <name>.debug_abbrev</name>
         <load_address>0x401</load_address>
         <run_address>0x401</run_address>
         <size>0x1f</size>
         <input_file_ref idref="fl-4"/>
      </object_component>
      <object_component id="oc-ae">
         <name>.debug_abbrev</name>
         <load_address>0x420</load_address>
         <run_address>0x420</run_address>
         <size>0x24</size>
         <input_file_ref idref="fl-4"/>
      </object_component>
      <object_component id="oc-17c">
         <name>.debug_abbrev</name>
         <load_address>0x444</load_address>
         <run_address>0x444</run_address>
         <size>0x2e</size>
         <input_file_ref idref="fl-5"/>
      </object_component>
      <object_component id="oc-eb">
         <name>.debug_abbrev</name>
         <load_address>0x472</load_address>
         <run_address>0x472</run_address>
         <size>0xc8</size>
         <input_file_ref idref="fl-5"/>
      </object_component>
      <object_component id="oc-fb">
         <name>.debug_abbrev</name>
         <load_address>0x53a</load_address>
         <run_address>0x53a</run_address>
         <size>0xfa</size>
         <input_file_ref idref="fl-6"/>
      </object_component>
      <object_component id="oc-f9">
         <name>.debug_abbrev</name>
         <load_address>0x634</load_address>
         <run_address>0x634</run_address>
         <size>0x29</size>
         <input_file_ref idref="fl-6"/>
      </object_component>
      <object_component id="oc-113">
         <name>.debug_abbrev</name>
         <load_address>0x65d</load_address>
         <run_address>0x65d</run_address>
         <size>0x29</size>
         <input_file_ref idref="fl-6"/>
      </object_component>
      <object_component id="oc-a6">
         <name>.debug_abbrev</name>
         <load_address>0x686</load_address>
         <run_address>0x686</run_address>
         <size>0x143</size>
         <input_file_ref idref="fl-6"/>
      </object_component>
      <object_component id="oc-104">
         <name>.debug_abbrev</name>
         <load_address>0x7c9</load_address>
         <run_address>0x7c9</run_address>
         <size>0x4b</size>
         <input_file_ref idref="fl-6"/>
      </object_component>
      <object_component id="oc-18b">
         <name>.debug_abbrev</name>
         <load_address>0x814</load_address>
         <run_address>0x814</run_address>
         <size>0x73</size>
         <input_file_ref idref="fl-7"/>
      </object_component>
      <object_component id="oc-112">
         <name>.debug_abbrev</name>
         <load_address>0x887</load_address>
         <run_address>0x887</run_address>
         <size>0x103</size>
         <input_file_ref idref="fl-7"/>
      </object_component>
      <object_component id="oc-18d">
         <name>.debug_abbrev</name>
         <load_address>0x98a</load_address>
         <run_address>0x98a</run_address>
         <size>0x7c</size>
         <input_file_ref idref="fl-8"/>
      </object_component>
      <object_component id="oc-18a">
         <name>.debug_abbrev</name>
         <load_address>0xa06</load_address>
         <run_address>0xa06</run_address>
         <size>0x7a</size>
         <input_file_ref idref="fl-8"/>
      </object_component>
      <object_component id="oc-13d">
         <name>.debug_abbrev</name>
         <load_address>0xa80</load_address>
         <run_address>0xa80</run_address>
         <size>0x6e</size>
         <input_file_ref idref="fl-a"/>
      </object_component>
      <object_component id="oc-1c4">
         <name>.debug_abbrev</name>
         <load_address>0xaee</load_address>
         <run_address>0xaee</run_address>
         <size>0xd0</size>
         <input_file_ref idref="fl-b"/>
      </object_component>
      <object_component id="oc-19f">
         <name>.debug_abbrev</name>
         <load_address>0xbbe</load_address>
         <run_address>0xbbe</run_address>
         <size>0x60</size>
         <input_file_ref idref="fl-b"/>
      </object_component>
      <object_component id="oc-198">
         <name>.debug_abbrev</name>
         <load_address>0xc1e</load_address>
         <run_address>0xc1e</run_address>
         <size>0xf5</size>
         <input_file_ref idref="fl-d"/>
      </object_component>
      <object_component id="oc-b1">
         <name>.debug_abbrev</name>
         <load_address>0xd13</load_address>
         <run_address>0xd13</run_address>
         <size>0x7c</size>
         <input_file_ref idref="fl-e"/>
      </object_component>
      <object_component id="oc-39">
         <name>.debug_abbrev</name>
         <load_address>0xd8f</load_address>
         <run_address>0xd8f</run_address>
         <size>0x29</size>
         <input_file_ref idref="fl-e"/>
      </object_component>
      <object_component id="oc-79">
         <name>.debug_abbrev</name>
         <load_address>0xdb8</load_address>
         <run_address>0xdb8</run_address>
         <size>0x79</size>
         <input_file_ref idref="fl-e"/>
      </object_component>
      <object_component id="oc-17e">
         <name>.debug_abbrev</name>
         <load_address>0xe31</load_address>
         <run_address>0xe31</run_address>
         <size>0x6d</size>
         <input_file_ref idref="fl-f"/>
      </object_component>
      <object_component id="oc-f2">
         <name>.debug_abbrev</name>
         <load_address>0xe9e</load_address>
         <run_address>0xe9e</run_address>
         <size>0x105</size>
         <input_file_ref idref="fl-f"/>
      </object_component>
      <object_component id="oc-124">
         <name>.debug_abbrev</name>
         <load_address>0xfa3</load_address>
         <run_address>0xfa3</run_address>
         <size>0x24</size>
         <input_file_ref idref="fl-f"/>
      </object_component>
      <object_component id="oc-187">
         <name>.debug_abbrev</name>
         <load_address>0xfc7</load_address>
         <run_address>0xfc7</run_address>
         <size>0x33</size>
         <input_file_ref idref="fl-f"/>
      </object_component>
      <object_component id="oc-1e7">
         <name>.debug_abbrev</name>
         <load_address>0xffa</load_address>
         <run_address>0xffa</run_address>
         <size>0x95</size>
         <input_file_ref idref="fl-10"/>
      </object_component>
      <object_component id="oc-1c2">
         <name>.debug_abbrev</name>
         <load_address>0x108f</load_address>
         <run_address>0x108f</run_address>
         <size>0x114</size>
         <input_file_ref idref="fl-10"/>
      </object_component>
      <object_component id="oc-1c1">
         <name>.debug_abbrev</name>
         <load_address>0x11a3</load_address>
         <run_address>0x11a3</run_address>
         <size>0x5e</size>
         <input_file_ref idref="fl-11"/>
      </object_component>
      <object_component id="oc-127">
         <name>.debug_abbrev</name>
         <load_address>0x1201</load_address>
         <run_address>0x1201</run_address>
         <size>0x5d</size>
         <input_file_ref idref="fl-cb"/>
      </object_component>
      <object_component id="oc-d2">
         <name>.debug_abbrev</name>
         <load_address>0x125e</load_address>
         <run_address>0x125e</run_address>
         <size>0x74</size>
         <input_file_ref idref="fl-cb"/>
      </object_component>
      <object_component id="oc-c9">
         <name>.debug_abbrev</name>
         <load_address>0x12d2</load_address>
         <run_address>0x12d2</run_address>
         <size>0x24</size>
         <input_file_ref idref="fl-cb"/>
      </object_component>
      <object_component id="oc-c4">
         <name>.debug_abbrev</name>
         <load_address>0x12f6</load_address>
         <run_address>0x12f6</run_address>
         <size>0x37</size>
         <input_file_ref idref="fl-cc"/>
      </object_component>
      <object_component id="oc-4c">
         <name>.debug_abbrev</name>
         <load_address>0x132d</load_address>
         <run_address>0x132d</run_address>
         <size>0x74</size>
         <input_file_ref idref="fl-cc"/>
      </object_component>
      <object_component id="oc-4f">
         <name>.debug_abbrev</name>
         <load_address>0x13a1</load_address>
         <run_address>0x13a1</run_address>
         <size>0x24</size>
         <input_file_ref idref="fl-cc"/>
      </object_component>
      <object_component id="oc-c1">
         <name>.debug_abbrev</name>
         <load_address>0x13c5</load_address>
         <run_address>0x13c5</run_address>
         <size>0x24</size>
         <input_file_ref idref="fl-cc"/>
      </object_component>
      <object_component id="oc-120">
         <name>.debug_abbrev</name>
         <load_address>0x13e9</load_address>
         <run_address>0x13e9</run_address>
         <size>0x37</size>
         <input_file_ref idref="fl-cd"/>
      </object_component>
      <object_component id="oc-3c">
         <name>.debug_abbrev</name>
         <load_address>0x1420</load_address>
         <run_address>0x1420</run_address>
         <size>0x6f</size>
         <input_file_ref idref="fl-cd"/>
      </object_component>
      <object_component id="oc-3f">
         <name>.debug_abbrev</name>
         <load_address>0x148f</load_address>
         <run_address>0x148f</run_address>
         <size>0x24</size>
         <input_file_ref idref="fl-cd"/>
      </object_component>
      <object_component id="oc-11d">
         <name>.debug_abbrev</name>
         <load_address>0x14b3</load_address>
         <run_address>0x14b3</run_address>
         <size>0x35</size>
         <input_file_ref idref="fl-cd"/>
      </object_component>
      <object_component id="oc-ba">
         <name>.debug_abbrev</name>
         <load_address>0x14e8</load_address>
         <run_address>0x14e8</run_address>
         <size>0x24</size>
         <input_file_ref idref="fl-cd"/>
      </object_component>
      <object_component id="oc-77">
         <name>.debug_abbrev</name>
         <load_address>0x150c</load_address>
         <run_address>0x150c</run_address>
         <size>0x29</size>
         <input_file_ref idref="fl-ce"/>
      </object_component>
      <object_component id="oc-e2">
         <name>.debug_abbrev</name>
         <load_address>0x1535</load_address>
         <run_address>0x1535</run_address>
         <size>0x55</size>
         <input_file_ref idref="fl-ce"/>
      </object_component>
      <object_component id="oc-be">
         <name>.debug_abbrev</name>
         <load_address>0x158a</load_address>
         <run_address>0x158a</run_address>
         <size>0x3e</size>
         <input_file_ref idref="fl-cf"/>
      </object_component>
      <object_component id="oc-129">
         <name>.debug_abbrev</name>
         <load_address>0x15c8</load_address>
         <run_address>0x15c8</run_address>
         <size>0x4f</size>
         <input_file_ref idref="fl-d0"/>
      </object_component>
      <object_component id="oc-1d4">
         <name>.debug_abbrev</name>
         <load_address>0x1617</load_address>
         <run_address>0x1617</run_address>
         <size>0xc0</size>
         <input_file_ref idref="fl-d1"/>
      </object_component>
      <object_component id="oc-1ab">
         <name>.debug_abbrev</name>
         <load_address>0x16d7</load_address>
         <run_address>0x16d7</run_address>
         <size>0x7e</size>
         <input_file_ref idref="fl-d1"/>
      </object_component>
      <object_component id="oc-1d8">
         <name>.debug_abbrev</name>
         <load_address>0x1755</load_address>
         <run_address>0x1755</run_address>
         <size>0x24</size>
         <input_file_ref idref="fl-d1"/>
      </object_component>
      <object_component id="oc-1ee">
         <name>.debug_abbrev</name>
         <load_address>0x1779</load_address>
         <run_address>0x1779</run_address>
         <size>0x24</size>
         <input_file_ref idref="fl-d1"/>
      </object_component>
      <object_component id="oc-1dd">
         <name>.debug_abbrev</name>
         <load_address>0x179d</load_address>
         <run_address>0x179d</run_address>
         <size>0x24</size>
         <input_file_ref idref="fl-d1"/>
      </object_component>
      <object_component id="oc-1e2">
         <name>.debug_abbrev</name>
         <load_address>0x17c1</load_address>
         <run_address>0x17c1</run_address>
         <size>0x4b</size>
         <input_file_ref idref="fl-d1"/>
      </object_component>
      <object_component id="oc-12a">
         <name>.debug_abbrev</name>
         <load_address>0x180c</load_address>
         <run_address>0x180c</run_address>
         <size>0x55</size>
         <input_file_ref idref="fl-d2"/>
      </object_component>
      <object_component id="oc-1a1">
         <name>.debug_abbrev</name>
         <load_address>0x1861</load_address>
         <run_address>0x1861</run_address>
         <size>0x45</size>
         <input_file_ref idref="fl-d4"/>
      </object_component>
      <object_component id="oc-228">
         <name>.debug_abbrev</name>
         <load_address>0x18a6</load_address>
         <run_address>0x18a6</run_address>
         <size>0xf</size>
      </object_component>
      <object_component id="oc-88">
         <name>.debug_aranges</name>
         <load_address>0x0</load_address>
         <run_address>0x0</run_address>
         <size>0x20</size>
         <input_file_ref idref="fl-2"/>
      </object_component>
      <object_component id="oc-130">
         <name>.debug_aranges</name>
         <load_address>0x20</load_address>
         <run_address>0x20</run_address>
         <size>0x20</size>
         <input_file_ref idref="fl-3"/>
      </object_component>
      <object_component id="oc-2f">
         <name>.debug_aranges</name>
         <load_address>0x40</load_address>
         <run_address>0x40</run_address>
         <size>0x48</size>
         <input_file_ref idref="fl-4"/>
      </object_component>
      <object_component id="oc-7c">
         <name>.debug_aranges</name>
         <load_address>0x88</load_address>
         <run_address>0x88</run_address>
         <size>0xe0</size>
         <input_file_ref idref="fl-5"/>
      </object_component>
      <object_component id="oc-36">
         <name>.debug_aranges</name>
         <load_address>0x168</load_address>
         <run_address>0x168</run_address>
         <size>0x100</size>
         <input_file_ref idref="fl-6"/>
      </object_component>
      <object_component id="oc-9f">
         <name>.debug_aranges</name>
         <load_address>0x268</load_address>
         <run_address>0x268</run_address>
         <size>0x48</size>
         <input_file_ref idref="fl-7"/>
      </object_component>
      <object_component id="oc-10b">
         <name>.debug_aranges</name>
         <load_address>0x2b0</load_address>
         <run_address>0x2b0</run_address>
         <size>0x40</size>
         <input_file_ref idref="fl-8"/>
      </object_component>
      <object_component id="oc-db">
         <name>.debug_aranges</name>
         <load_address>0x2f0</load_address>
         <run_address>0x2f0</run_address>
         <size>0x20</size>
         <input_file_ref idref="fl-a"/>
      </object_component>
      <object_component id="oc-13b">
         <name>.debug_aranges</name>
         <load_address>0x310</load_address>
         <run_address>0x310</run_address>
         <size>0x20</size>
         <input_file_ref idref="fl-b"/>
      </object_component>
      <object_component id="oc-134">
         <name>.debug_aranges</name>
         <load_address>0x330</load_address>
         <run_address>0x330</run_address>
         <size>0x78</size>
         <input_file_ref idref="fl-d"/>
      </object_component>
      <object_component id="oc-29">
         <name>.debug_aranges</name>
         <load_address>0x3a8</load_address>
         <run_address>0x3a8</run_address>
         <size>0x30</size>
         <input_file_ref idref="fl-e"/>
      </object_component>
      <object_component id="oc-83">
         <name>.debug_aranges</name>
         <load_address>0x3d8</load_address>
         <run_address>0x3d8</run_address>
         <size>0x98</size>
         <input_file_ref idref="fl-f"/>
      </object_component>
      <object_component id="oc-19a">
         <name>.debug_aranges</name>
         <load_address>0x470</load_address>
         <run_address>0x470</run_address>
         <size>0x70</size>
         <input_file_ref idref="fl-10"/>
      </object_component>
      <object_component id="oc-195">
         <name>.debug_aranges</name>
         <load_address>0x4e0</load_address>
         <run_address>0x4e0</run_address>
         <size>0x20</size>
         <input_file_ref idref="fl-11"/>
      </object_component>
      <object_component id="oc-5c">
         <name>.debug_aranges</name>
         <load_address>0x500</load_address>
         <run_address>0x500</run_address>
         <size>0x20</size>
         <input_file_ref idref="fl-cb"/>
      </object_component>
      <object_component id="oc-1c">
         <name>.debug_aranges</name>
         <load_address>0x520</load_address>
         <run_address>0x520</run_address>
         <size>0x20</size>
         <input_file_ref idref="fl-cc"/>
      </object_component>
      <object_component id="oc-18">
         <name>.debug_aranges</name>
         <load_address>0x540</load_address>
         <run_address>0x540</run_address>
         <size>0x20</size>
         <input_file_ref idref="fl-cd"/>
      </object_component>
      <object_component id="oc-68">
         <name>.debug_aranges</name>
         <load_address>0x560</load_address>
         <run_address>0x560</run_address>
         <size>0x20</size>
         <input_file_ref idref="fl-ce"/>
      </object_component>
      <object_component id="oc-48">
         <name>.debug_aranges</name>
         <load_address>0x580</load_address>
         <run_address>0x580</run_address>
         <size>0x20</size>
         <input_file_ref idref="fl-cf"/>
      </object_component>
      <object_component id="oc-d0">
         <name>.debug_aranges</name>
         <load_address>0x5a0</load_address>
         <run_address>0x5a0</run_address>
         <size>0x28</size>
         <input_file_ref idref="fl-d0"/>
      </object_component>
      <object_component id="oc-14e">
         <name>.debug_aranges</name>
         <load_address>0x5c8</load_address>
         <run_address>0x5c8</run_address>
         <size>0x20</size>
         <input_file_ref idref="fl-d1"/>
      </object_component>
      <object_component id="oc-d4">
         <name>.debug_aranges</name>
         <load_address>0x5e8</load_address>
         <run_address>0x5e8</run_address>
         <size>0x20</size>
         <input_file_ref idref="fl-d2"/>
      </object_component>
      <object_component id="oc-13f">
         <name>.debug_aranges</name>
         <load_address>0x608</load_address>
         <run_address>0x608</run_address>
         <size>0x20</size>
         <input_file_ref idref="fl-d4"/>
      </object_component>
      <object_component id="oc-89">
         <name>.debug_pubnames</name>
         <load_address>0x0</load_address>
         <run_address>0x0</run_address>
         <size>0x28</size>
         <input_file_ref idref="fl-2"/>
      </object_component>
      <object_component id="oc-12f">
         <name>.debug_pubnames</name>
         <load_address>0x28</load_address>
         <run_address>0x28</run_address>
         <size>0x2d</size>
         <input_file_ref idref="fl-3"/>
      </object_component>
      <object_component id="oc-8d">
         <name>.debug_pubnames</name>
         <load_address>0x55</load_address>
         <run_address>0x55</run_address>
         <size>0x2c</size>
         <input_file_ref idref="fl-4"/>
      </object_component>
      <object_component id="oc-30">
         <name>.debug_pubnames</name>
         <load_address>0x81</load_address>
         <run_address>0x81</run_address>
         <size>0x81</size>
         <input_file_ref idref="fl-4"/>
      </object_component>
      <object_component id="oc-7f">
         <name>.debug_pubnames</name>
         <load_address>0x102</load_address>
         <run_address>0x102</run_address>
         <size>0x25d</size>
         <input_file_ref idref="fl-5"/>
      </object_component>
      <object_component id="oc-9a">
         <name>.debug_pubnames</name>
         <load_address>0x35f</load_address>
         <run_address>0x35f</run_address>
         <size>0x35</size>
         <input_file_ref idref="fl-6"/>
      </object_component>
      <object_component id="oc-97">
         <name>.debug_pubnames</name>
         <load_address>0x394</load_address>
         <run_address>0x394</run_address>
         <size>0x98</size>
         <input_file_ref idref="fl-6"/>
      </object_component>
      <object_component id="oc-a5">
         <name>.debug_pubnames</name>
         <load_address>0x42c</load_address>
         <run_address>0x42c</run_address>
         <size>0x22</size>
         <input_file_ref idref="fl-6"/>
      </object_component>
      <object_component id="oc-35">
         <name>.debug_pubnames</name>
         <load_address>0x44e</load_address>
         <run_address>0x44e</run_address>
         <size>0x1c8</size>
         <input_file_ref idref="fl-6"/>
      </object_component>
      <object_component id="oc-10f">
         <name>.debug_pubnames</name>
         <load_address>0x616</load_address>
         <run_address>0x616</run_address>
         <size>0x20</size>
         <input_file_ref idref="fl-7"/>
      </object_component>
      <object_component id="oc-a2">
         <name>.debug_pubnames</name>
         <load_address>0x636</load_address>
         <run_address>0x636</run_address>
         <size>0x7c</size>
         <input_file_ref idref="fl-7"/>
      </object_component>
      <object_component id="oc-111">
         <name>.debug_pubnames</name>
         <load_address>0x6b2</load_address>
         <run_address>0x6b2</run_address>
         <size>0x2c</size>
         <input_file_ref idref="fl-8"/>
      </object_component>
      <object_component id="oc-10a">
         <name>.debug_pubnames</name>
         <load_address>0x6de</load_address>
         <run_address>0x6de</run_address>
         <size>0x83</size>
         <input_file_ref idref="fl-8"/>
      </object_component>
      <object_component id="oc-dc">
         <name>.debug_pubnames</name>
         <load_address>0x761</load_address>
         <run_address>0x761</run_address>
         <size>0x1b</size>
         <input_file_ref idref="fl-a"/>
      </object_component>
      <object_component id="oc-13a">
         <name>.debug_pubnames</name>
         <load_address>0x77c</load_address>
         <run_address>0x77c</run_address>
         <size>0x1c</size>
         <input_file_ref idref="fl-b"/>
      </object_component>
      <object_component id="oc-135">
         <name>.debug_pubnames</name>
         <load_address>0x798</load_address>
         <run_address>0x798</run_address>
         <size>0xb2</size>
         <input_file_ref idref="fl-d"/>
      </object_component>
      <object_component id="oc-14">
         <name>.debug_pubnames</name>
         <load_address>0x84a</load_address>
         <run_address>0x84a</run_address>
         <size>0x23</size>
         <input_file_ref idref="fl-e"/>
      </object_component>
      <object_component id="oc-2a">
         <name>.debug_pubnames</name>
         <load_address>0x86d</load_address>
         <run_address>0x86d</run_address>
         <size>0x3f</size>
         <input_file_ref idref="fl-e"/>
      </object_component>
      <object_component id="oc-84">
         <name>.debug_pubnames</name>
         <load_address>0x8ac</load_address>
         <run_address>0x8ac</run_address>
         <size>0xfa</size>
         <input_file_ref idref="fl-f"/>
      </object_component>
      <object_component id="oc-19c">
         <name>.debug_pubnames</name>
         <load_address>0x9a6</load_address>
         <run_address>0x9a6</run_address>
         <size>0x8a</size>
         <input_file_ref idref="fl-10"/>
      </object_component>
      <object_component id="oc-196">
         <name>.debug_pubnames</name>
         <load_address>0xa30</load_address>
         <run_address>0xa30</run_address>
         <size>0x26</size>
         <input_file_ref idref="fl-11"/>
      </object_component>
      <object_component id="oc-5d">
         <name>.debug_pubnames</name>
         <load_address>0xa56</load_address>
         <run_address>0xa56</run_address>
         <size>0x25</size>
         <input_file_ref idref="fl-cb"/>
      </object_component>
      <object_component id="oc-1e">
         <name>.debug_pubnames</name>
         <load_address>0xa7b</load_address>
         <run_address>0xa7b</run_address>
         <size>0x2b</size>
         <input_file_ref idref="fl-cc"/>
      </object_component>
      <object_component id="oc-17">
         <name>.debug_pubnames</name>
         <load_address>0xaa6</load_address>
         <run_address>0xaa6</run_address>
         <size>0x2b</size>
         <input_file_ref idref="fl-cd"/>
      </object_component>
      <object_component id="oc-26">
         <name>.debug_pubnames</name>
         <load_address>0xad1</load_address>
         <run_address>0xad1</run_address>
         <size>0x1e</size>
         <input_file_ref idref="fl-ce"/>
      </object_component>
      <object_component id="oc-67">
         <name>.debug_pubnames</name>
         <load_address>0xaef</load_address>
         <run_address>0xaef</run_address>
         <size>0x26</size>
         <input_file_ref idref="fl-ce"/>
      </object_component>
      <object_component id="oc-4b">
         <name>.debug_pubnames</name>
         <load_address>0xb15</load_address>
         <run_address>0xb15</run_address>
         <size>0x1d</size>
         <input_file_ref idref="fl-cf"/>
      </object_component>
      <object_component id="oc-cf">
         <name>.debug_pubnames</name>
         <load_address>0xb32</load_address>
         <run_address>0xb32</run_address>
         <size>0x37</size>
         <input_file_ref idref="fl-d0"/>
      </object_component>
      <object_component id="oc-14d">
         <name>.debug_pubnames</name>
         <load_address>0xb69</load_address>
         <run_address>0xb69</run_address>
         <size>0x35</size>
         <input_file_ref idref="fl-d1"/>
      </object_component>
      <object_component id="oc-d6">
         <name>.debug_pubnames</name>
         <load_address>0xb9e</load_address>
         <run_address>0xb9e</run_address>
         <size>0x27</size>
         <input_file_ref idref="fl-d2"/>
      </object_component>
      <object_component id="oc-142">
         <name>.debug_pubnames</name>
         <load_address>0xbc5</load_address>
         <run_address>0xbc5</run_address>
         <size>0x1c</size>
         <input_file_ref idref="fl-d4"/>
      </object_component>
      <object_component id="oc-12d">
         <name>.debug_frame</name>
         <load_address>0x0</load_address>
         <run_address>0x0</run_address>
         <size>0x54</size>
         <input_file_ref idref="fl-3"/>
      </object_component>
      <object_component id="oc-32">
         <name>.debug_frame</name>
         <load_address>0x54</load_address>
         <run_address>0x54</run_address>
         <size>0xd8</size>
         <input_file_ref idref="fl-4"/>
      </object_component>
      <object_component id="oc-7d">
         <name>.debug_frame</name>
         <load_address>0x12c</load_address>
         <run_address>0x12c</run_address>
         <size>0x23c</size>
         <input_file_ref idref="fl-5"/>
      </object_component>
      <object_component id="oc-37">
         <name>.debug_frame</name>
         <load_address>0x368</load_address>
         <run_address>0x368</run_address>
         <size>0x328</size>
         <input_file_ref idref="fl-6"/>
      </object_component>
      <object_component id="oc-a0">
         <name>.debug_frame</name>
         <load_address>0x690</load_address>
         <run_address>0x690</run_address>
         <size>0xe4</size>
         <input_file_ref idref="fl-7"/>
      </object_component>
      <object_component id="oc-10c">
         <name>.debug_frame</name>
         <load_address>0x774</load_address>
         <run_address>0x774</run_address>
         <size>0xac</size>
         <input_file_ref idref="fl-8"/>
      </object_component>
      <object_component id="oc-dd">
         <name>.debug_frame</name>
         <load_address>0x820</load_address>
         <run_address>0x820</run_address>
         <size>0x70</size>
         <input_file_ref idref="fl-a"/>
      </object_component>
      <object_component id="oc-13c">
         <name>.debug_frame</name>
         <load_address>0x890</load_address>
         <run_address>0x890</run_address>
         <size>0x5c</size>
         <input_file_ref idref="fl-b"/>
      </object_component>
      <object_component id="oc-136">
[...]
         <object_component_ref idref="oc-7a"/>
      </symbol>
      <symbol id="sm-12e">
         <name>disablePort</name>
         <value>0x1611</value>
         <object_component_ref idref="oc-7a"/>
      </symbol>
      <symbol id="sm-12f">
         <name>disablePinInterrupt</name>
         <value>0x169b</value>
         <object_component_ref idref="oc-7a"/>
      </symbol>
      <symbol id="sm-130">
         <name>enablePinPullup</name>
         <value>0x15e9</value>
         <object_component_ref idref="oc-7a"/>
      </symbol>
      <symbol id="sm-131">
         <name>togglePinValue</name>
         <value>0x1319</value>
         <object_component_ref idref="oc-7a"/>
      </symbol>
      <symbol id="sm-132">
         <name>getPinValue</name>
         <value>0x152b</value>
         <object_component_ref idref="oc-7a"/>
      </symbol>
      <symbol id="sm-133">
         <name>enablePinPulldown</name>
         <value>0x15f7</value>
         <object_component_ref idref="oc-7a"/>
      </symbol>
      <symbol id="sm-134">
         <name>disablePinPullup</name>
         <value>0x167b</value>
         <object_component_ref idref="oc-7a"/>
      </symbol>
      <symbol id="sm-135">
         <name>selectPinDigitalInput</name>
         <value>0x14bb</value>
         <object_component_ref idref="oc-7a"/>
      </symbol>
      <symbol id="sm-136">
         <name>selectPinInterruptRisingEdge</name>
         <value>0x145d</value>
         <object_component_ref idref="oc-7a"/>
      </symbol>
      <symbol id="sm-137">
         <name>setPinValue</name>
         <value>0x1365</value>
         <object_component_ref idref="oc-7a"/>
      </symbol>
      <symbol id="sm-215">
         <name>mutexes</name>
         <value>0x200003bc</value>
      </symbol>
      <symbol id="sm-216">
         <name>semaphores</name>
         <value>0x200002a0</value>
      </symbol>
      <symbol id="sm-217">
         <name>tcb</name>
         <value>0x20000000</value>
      </symbol>
      <symbol id="sm-218">
         <name>priorityInheritance</name>
         <value>0x20000611</value>
         <object_component_ref idref="oc-95"/>
      </symbol>
      <symbol id="sm-219">
         <name>getPID</name>
         <value>0xcbb</value>
         <object_component_ref idref="oc-33"/>
      </symbol>
      <symbol id="sm-21a">
         <name>schedSelect</name>
         <value>0xabd</value>
         <object_component_ref idref="oc-33"/>
      </symbol>
      <symbol id="sm-21b">
         <name>initRtos</name>
         <value>0xc35</value>
         <object_component_ref idref="oc-33"/>
      </symbol>
      <symbol id="sm-21c">
         <name>togglePreemption</name>
         <value>0x279</value>
         <object_component_ref idref="oc-33"/>
      </symbol>
      <symbol id="sm-21d">
         <name>getMutexInfo</name>
         <value>0xccb</value>
         <object_component_ref idref="oc-33"/>
      </symbol>
      <symbol id="sm-21e">
         <name>initSemaphore</name>
         <value>0xbb1</value>
         <object_component_ref idref="oc-33"/>
      </symbol>
      <symbol id="sm-21f">
         <name>getPid</name>
         <value>0xcb7</value>
         <object_component_ref idref="oc-33"/>
      </symbol>
      <symbol id="sm-220">
         <name>pendSvIsr</name>
         <value>0xacd</value>
         <object_component_ref idref="oc-33"/>
      </symbol>
      <symbol id="sm-221">
         <name>initMutex</name>
         <value>0xc89</value>
         <object_component_ref idref="oc-33"/>
      </symbol>
      <symbol id="sm-222">
         <name>rtosScheduler</name>
         <value>0x9db</value>
         <object_component_ref idref="oc-33"/>
      </symbol>
      <symbol id="sm-223">
         <name>taskCount</name>
         <value>0x20000609</value>
         <object_component_ref idref="oc-95"/>
      </symbol>
      <symbol id="sm-224">
         <name>stopThread</name>
         <value>0x9c7</value>
         <object_component_ref idref="oc-33"/>
      </symbol>
      <symbol id="sm-225">
         <name>systickIsr</name>
         <value>0x27d</value>
         <object_component_ref idref="oc-33"/>
      </symbol>
      <symbol id="sm-226">
         <name>preemption</name>
         <value>0x20000612</value>
         <object_component_ref idref="oc-95"/>
      </symbol>
      <symbol id="sm-227">
         <name>getTaskInfo</name>
         <value>0xcaf</value>
         <object_component_ref idref="oc-33"/>
      </symbol>
      <symbol id="sm-228">
         <name>unlock</name>
         <value>0x275</value>
         <object_component_ref idref="oc-33"/>
      </symbol>
      <symbol id="sm-229">
         <name>restartThread</name>
         <value>0xac1</value>
         <object_component_ref idref="oc-33"/>
      </symbol>
      <symbol id="sm-22a">
         <name>lastTaskRun</name>
         <value>0x20000620</value>
         <object_component_ref idref="oc-a3"/>
      </symbol>
      <symbol id="sm-22b">
         <name>timeCurrent</name>
         <value>0x2000060c</value>
         <object_component_ref idref="oc-95"/>
      </symbol>
      <symbol id="sm-22c">
         <name>initWideTimer</name>
         <value>0xb75</value>
         <object_component_ref idref="oc-33"/>
      </symbol>
      <symbol id="sm-22d">
         <name>ping</name>
         <value>0x20000613</value>
         <object_component_ref idref="oc-95"/>
      </symbol>
      <symbol id="sm-22e">
         <name>wait</name>
         <value>0x271</value>
         <object_component_ref idref="oc-33"/>
      </symbol>
      <symbol id="sm-22f">
         <name>initSysTickIsr</name>
         <value>0xb9f</value>
         <object_component_ref idref="oc-33"/>
      </symbol>
      <symbol id="sm-230">
         <name>svCallIsr</name>
         <value>0x54d</value>
         <object_component_ref idref="oc-33"/>
      </symbol>
      <symbol id="sm-231">
         <name>taskCurrent</name>
         <value>0x20000608</value>
         <object_component_ref idref="oc-95"/>
      </symbol>
      <symbol id="sm-232">
         <name>getSemaphoreInfo</name>
         <value>0xcb3</value>
         <object_component_ref idref="oc-33"/>
      </symbol>
      <symbol id="sm-233">
         <name>post</name>
         <value>0xac9</value>
         <object_component_ref idref="oc-33"/>
      </symbol>
      <symbol id="sm-234">
         <name>startRtos</name>
         <value>0xa61</value>
         <object_component_ref idref="oc-33"/>
      </symbol>
      <symbol id="sm-235">
         <name>setThreadPriority</name>
         <value>0xab9</value>
         <object_component_ref idref="oc-33"/>
      </symbol>
      <symbol id="sm-236">
         <name>priorityScheduler</name>
         <value>0x20000610</value>
         <object_component_ref idref="oc-95"/>
      </symbol>
      <symbol id="sm-237">
         <name>createThread</name>
         <value>0xce1</value>
         <object_component_ref idref="oc-33"/>
      </symbol>
      <symbol id="sm-238">
         <name>rebootSystem</name>
         <value>0xac5</value>
         <object_component_ref idref="oc-33"/>
      </symbol>
      <symbol id="sm-239">
         <name>yield</name>
         <value>0x26d</value>
         <object_component_ref idref="oc-33"/>
      </symbol>
      <symbol id="sm-23a">
         <name>secondCounter</name>
         <value>0x20000614</value>
         <object_component_ref idref="oc-95"/>
      </symbol>
      <symbol id="sm-23b">
         <name>stopThreadHelper</name>
         <value>0x2f7</value>
         <object_component_ref idref="oc-33"/>
      </symbol>
      <symbol id="sm-23c">
         <name>lock</name>
         <value>0xb71</value>
         <object_component_ref idref="oc-33"/>
      </symbol>
      <symbol id="sm-23d">
         <name>sleep</name>
         <value>0xab5</value>
         <object_component_ref idref="oc-33"/>
      </symbol>
      <symbol id="sm-27e">
         <name>memoryMap</name>
         <value>0x2000036c</value>
      </symbol>
      <symbol id="sm-27f">
         <name>setSrdBits</name>
         <value>0x2121</value>
         <object_component_ref idref="oc-9d"/>
      </symbol>
      <symbol id="sm-280">
         <name>initMpu</name>
         <value>0x23a1</value>
         <object_component_ref idref="oc-9d"/>
      </symbol>
      <symbol id="sm-281">
         <name>setSramAccessWindow</name>
         <value>0x21bf</value>
         <object_component_ref idref="oc-9d"/>
      </symbol>
      <symbol id="sm-282">
         <name>initMemoryMap</name>
         <value>0x2391</value>
         <object_component_ref idref="oc-9d"/>
      </symbol>
      <symbol id="sm-283">
         <name>findMPURegion</name>
         <value>0x23c3</value>
         <object_component_ref idref="oc-9d"/>
      </symbol>
      <symbol id="sm-284">
         <name>mallocFromHeap</name>
         <value>0x21e7</value>
         <object_component_ref idref="oc-9d"/>
      </symbol>
      <symbol id="sm-2a6">
         <name>printOutRegionInfo</name>
         <value>0x28b1</value>
         <object_component_ref idref="oc-107"/>
      </symbol>
      <symbol id="sm-2a7">
         <name>setupSramAccess</name>
         <value>0x2855</value>
         <object_component_ref idref="oc-107"/>
      </symbol>
      <symbol id="sm-2a8">
         <name>allowFlashAccess</name>
         <value>0x2929</value>
         <object_component_ref idref="oc-107"/>
      </symbol>
      <symbol id="sm-2a9">
         <name>allowPeripheralAccess</name>
         <value>0x2913</value>
         <object_component_ref idref="oc-107"/>
      </symbol>
      <symbol id="sm-2aa">
         <name>mpuAllAccessRegion</name>
         <value>0x28f7</value>
         <object_component_ref idref="oc-107"/>
      </symbol>
      <symbol id="sm-2d1">
         <name>main</name>
         <value>0x2675</value>
         <object_component_ref idref="oc-d9"/>
      </symbol>
      <symbol id="sm-307">
         <name>shell</name>
         <value>0x2425</value>
         <object_component_ref idref="oc-137"/>
      </symbol>
      <symbol id="sm-340">
         <name>initHw</name>
         <value>0x1c05</value>
         <object_component_ref idref="oc-131"/>
      </symbol>
      <symbol id="sm-341">
         <name>flash4Hz</name>
         <value>0x1d7d</value>
         <object_component_ref idref="oc-131"/>
      </symbol>
      <symbol id="sm-342">
         <name>idle</name>
         <value>0x1d57</value>
         <object_component_ref idref="oc-131"/>
      </symbol>
      <symbol id="sm-343">
         <name>readKeys</name>
         <value>0x1b1b</value>
         <object_component_ref idref="oc-131"/>
      </symbol>
      <symbol id="sm-344">
         <name>debounce</name>
         <value>0x1db9</value>
         <object_component_ref idref="oc-131"/>
      </symbol>
      <symbol id="sm-345">
         <name>partOfLengthyFn</name>
         <value>0x1b99</value>
         <object_component_ref idref="oc-131"/>
      </symbol>
      <symbol id="sm-346">
         <name>oneshot</name>
         <value>0x1ba9</value>
         <object_component_ref idref="oc-131"/>
      </symbol>
      <symbol id="sm-347">
         <name>readPbs</name>
         <value>0x1aa9</value>
         <object_component_ref idref="oc-131"/>
      </symbol>
      <symbol id="sm-348">
         <name>errant</name>
         <value>0x1d9f</value>
         <object_component_ref idref="oc-131"/>
      </symbol>
      <symbol id="sm-349">
         <name>uncooperative</name>
         <value>0x1b0b</value>
         <object_component_ref idref="oc-131"/>
      </symbol>
      <symbol id="sm-34a">
         <name>important</name>
         <value>0x1d29</value>
         <object_component_ref idref="oc-131"/>
      </symbol>
      <symbol id="sm-34b">
         <name>lengthyFn</name>
         <value>0x1bd1</value>
         <object_component_ref idref="oc-131"/>
      </symbol>
      <symbol id="sm-364">
         <name>ResetISR</name>
         <value>0x2c7f</value>
         <object_component_ref idref="oc-27"/>
      </symbol>
      <symbol id="sm-365">
         <name>g_pfnVectors</name>
         <value>0x0</value>
         <object_component_ref idref="oc-12"/>
      </symbol>
      <symbol id="sm-3c6">
         <name>getcUart0</name>
         <value>0x19bd</value>
         <object_component_ref idref="oc-80"/>
      </symbol>
      <symbol id="sm-3c7">
         <name>isCommand</name>
         <value>0x182f</value>
         <object_component_ref idref="oc-80"/>
      </symbol>
      <symbol id="sm-3c8">
         <name>fToA</name>
         <value>0x1a53</value>
         <object_component_ref idref="oc-80"/>
      </symbol>
      <symbol id="sm-3c9">
         <name>getFieldString</name>
         <value>0x1819</value>
         <object_component_ref idref="oc-80"/>
      </symbol>
      <symbol id="sm-3ca">
         <name>strCmp</name>
         <value>0x1711</value>
         <object_component_ref idref="oc-80"/>
      </symbol>
      <symbol id="sm-3cb">
         <name>parseFields</name>
         <value>0x1785</value>
         <object_component_ref idref="oc-80"/>
      </symbol>
      <symbol id="sm-3cc">
         <name>kbhitUart0</name>
         <value>0x1807</value>
         <object_component_ref idref="oc-80"/>
      </symbol>
      <symbol id="sm-3cd">
         <name>getFieldInteger</name>
         <value>0x1a1d</value>
         <object_component_ref idref="oc-80"/>
      </symbol>
      <symbol id="sm-3ce">
         <name>setUart0BaudRate</name>
         <value>0x1735</value>
         <object_component_ref idref="oc-80"/>
      </symbol>
      <symbol id="sm-3cf">
         <name>stringCopy</name>
         <value>0x16fd</value>
         <object_component_ref idref="oc-80"/>
      </symbol>
      <symbol id="sm-3d0">
         <name>putsUart0</name>
         <value>0x176d</value>
         <object_component_ref idref="oc-80"/>
      </symbol>
      <symbol id="sm-3d1">
         <name>iToA</name>
         <value>0x195b</value>
         <object_component_ref idref="oc-80"/>
      </symbol>
      <symbol id="sm-3d2">
         <name>initUart0</name>
         <value>0x18e7</value>
         <object_component_ref idref="oc-80"/>
      </symbol>
      <symbol id="sm-3d3">
         <name>putcUart0</name>
         <value>0x175f</value>
         <object_component_ref idref="oc-80"/>
      </symbol>
      <symbol id="sm-3d4">
         <name>intToHex</name>
         <value>0x186d</value>
         <object_component_ref idref="oc-80"/>
      </symbol>
      <symbol id="sm-3d5">
         <name>getsUart0</name>
         <value>0x19d5</value>
         <object_component_ref idref="oc-80"/>
      </symbol>
      <symbol id="sm-437">
         <name>run</name>
         <value>0xe19</value>
         <object_component_ref idref="oc-199"/>
      </symbol>
      <symbol id="sm-438">
         <name>pidof</name>
         <value>0xf8b</value>
         <object_component_ref idref="oc-199"/>
      </symbol>
      <symbol id="sm-439">
         <name>ipcs</name>
         <value>0x1039</value>
         <object_component_ref idref="oc-199"/>
      </symbol>
      <symbol id="sm-43a">
         <name>ps</name>
         <value>0xe4b</value>
         <object_component_ref idref="oc-199"/>
      </symbol>
      <symbol id="sm-43b">
         <name>kill</name>
         <value>0xfbb</value>
         <object_component_ref idref="oc-199"/>
      </symbol>
      <symbol id="sm-43c">
         <name>Pkill</name>
         <value>0x1271</value>
         <object_component_ref idref="oc-199"/>
      </symbol>
      <symbol id="sm-43d">
         <name>preempt</name>
         <value>0xf73</value>
         <object_component_ref idref="oc-199"/>
      </symbol>
      <symbol id="sm-43e">
         <name>stringLength</name>
         <value>0xdad</value>
         <object_component_ref idref="oc-199"/>
      </symbol>
      <symbol id="sm-43f">
         <name>starTitlePad</name>
         <value>0xdbf</value>
         <object_component_ref idref="oc-199"/>
      </symbol>
      <symbol id="sm-440">
         <name>sched</name>
         <value>0xe01</value>
         <object_component_ref idref="oc-199"/>
      </symbol>
      <symbol id="sm-441">
         <name>format</name>
         <value>0xe31</value>
         <object_component_ref idref="oc-199"/>
      </symbol>
      <symbol id="sm-44f">
         <name>waitMicrosecond</name>
         <value>0x2c39</value>
         <object_component_ref idref="oc-192"/>
      </symbol>
      <symbol id="sm-461">
         <name>__TI_zero_init</name>
         <value>0x2c73</value>
         <object_component_ref idref="oc-59"/>
      </symbol>
      <symbol id="sm-478">
         <name>__TI_decompress_none</name>
         <value>0x2c65</value>
         <object_component_ref idref="oc-1b"/>
      </symbol>
      <symbol id="sm-49b">
         <name>__TI_decompress_lzss</name>
         <value>0x2b57</value>
         <object_component_ref idref="oc-15"/>
      </symbol>
      <symbol id="sm-4ae">
         <name>__stack</name>
         <value>0x20000408</value>
         <object_component_ref idref="oc-24"/>
      </symbol>
      <symbol id="sm-4af">
         <name>_c_int00_noargs</name>
         <value>0x2c05</value>
         <object_component_ref idref="oc-65"/>
      </symbol>
      <symbol id="sm-4ca">
         <name>memcpy</name>
         <value>0x2a41</value>
         <object_component_ref idref="oc-47"/>
      </symbol>
      <symbol id="sm-4cb">
         <name>__aeabi_memcpy</name>
         <value>0x2a41</value>
         <object_component_ref idref="oc-47"/>
      </symbol>
      <symbol id="sm-4cc">
         <name>__aeabi_memcpy8</name>
         <value>0x2a41</value>
         <object_component_ref idref="oc-47"/>
      </symbol>
      <symbol id="sm-4cd">
         <name>__aeabi_memcpy4</name>
         <value>0x2a41</value>
         <object_component_ref idref="oc-47"/>
      </symbol>
      <symbol id="sm-4dc">
         <name>__aeabi_memset</name>
         <value>0x2adf</value>
         <object_component_ref idref="oc-cd"/>
      </symbol>
      <symbol id="sm-4dd">
         <name>memset</name>
         <value>0x2ae5</value>
         <object_component_ref idref="oc-cd"/>
      </symbol>
      <symbol id="sm-4de">
         <name>__aeabi_memset8</name>
         <value>0x2adf</value>
         <object_component_ref idref="oc-cd"/>
      </symbol>
      <symbol id="sm-4df">
         <name>__aeabi_memset4</name>
         <value>0x2adf</value>
         <object_component_ref idref="oc-cd"/>
      </symbol>
      <symbol id="sm-4e0">
         <name>__aeabi_memclr8</name>
         <value>0x2add</value>
         <object_component_ref idref="oc-cd"/>
      </symbol>
      <symbol id="sm-4e1">
         <name>__aeabi_memclr4</name>
         <value>0x2add</value>
         <object_component_ref idref="oc-cd"/>
      </symbol>
      <symbol id="sm-4e2">
         <name>__aeabi_memclr</name>
         <value>0x2add</value>
         <object_component_ref idref="oc-cd"/>
      </symbol>
      <symbol id="sm-50a">
         <name>__TI_auto_init_nobinit_nopinit</name>
         <value>0x2bc1</value>
         <object_component_ref idref="oc-14a"/>
      </symbol>
      <symbol id="sm-514">
         <name>_system_pre_init</name>
         <value>0x2c89</value>
         <object_component_ref idref="oc-d3"/>
      </symbol>
      <symbol id="sm-520">
         <name>C$$EXIT</name>
         <value>0x2c8d</value>
         <object_component_ref idref="oc-13e"/>
      </symbol>
      <symbol id="sm-521">
         <name>abort</name>
         <value>0x2c8d</value>
         <object_component_ref idref="oc-13e"/>
      </symbol>
      <symbol id="sm-524">
         <name>__TI_static_base__</name>
         <value>0x0</value>
      </symbol>
      <symbol id="sm-527">
         <name>__mpu_init</name>
         <value>0x0</value>
      </symbol>
      <symbol id="sm-528">
         <name>_system_post_cinit</name>
         <value>0x0</value>
      </symbol>
   </symbol_table>
   <title>Link successful</title>
</link_info>
